{
  "total_steps": "600000",
  "num_envs": "64",
  "rollout_steps": "32",
  "epochs": "4",
  "minibatches": "4",
  "lr": "0.0003",
  "anneal_lr": "True",
  "gamma": "0.995",
  "gae_lambda": "0.95",
  "clip_coef": "0.2",
  "clip_vloss": "True",
  "ent_coef": "0.006",
  "vf_coef": "0.5",
  "max_grad_norm": "0.5",
  "target_kl": "0.03",
  "norm_adv": "True",
  "critic_warmup_updates": "10",
  "device": "cpu",
  "torch_threads": "10",
  "seed": "0",
  "d_model": "96",
  "n_heads": "4",
  "n_layers": "1",
  "memory": "gru",
  "level": "L1",
  "levels": "['L2', 'L3', 'L4', 'L5']",
  "curriculum": "False",
  "promote_win_rate": "0.7",
  "promote_window": "100",
  "promote_metric": "win",
  "promote_threshold": "None",
  "eval_every": "25",
  "eval_episodes": "16",
  "resume": "None",
  "run_dir": "experiments/ppo_farm_mix",
  "log_every": "5",
  "save_every": "20"
}
[bc->ppo] loaded actor weights, reinitialised critic (4 value-head params left fresh)
u   5 step    10240 mix R   0.487 loot 0.196 win  0.00 ent  3.103 kl 0.0000 v 0.0243    113 sps
[warmup] critic fitted over 10 updates; actor unfrozen
u  10 step    20480 mix R   1.716 loot 0.532 win  0.45 ent  3.210 kl 0.0000 v 0.0145    130 sps
u  15 step    30720 mix R   1.749 loot 0.544 win  0.56 ent  3.024 kl 0.0209 v 0.0208    102 sps
u  20 step    40960 mix R   1.662 loot 0.518 win  0.54 ent  2.574 kl 0.0027 v 0.0121     91 sps
[eval] mix loot 0.531 win 0.58 over 64 unseen bases
u  25 step    51200 mix R   1.744 loot 0.542 win  0.58 ent  2.200 kl 0.0023 v 0.0201     52 sps
u  30 step    61440 mix R   1.690 loot 0.525 win  0.55 ent  2.378 kl 0.0047 v 0.0115     51 sps
u  35 step    71680 mix R   1.658 loot 0.516 win  0.53 ent  2.773 kl 0.0048 v 0.0066     52 sps
u  40 step    81920 mix R   1.768 loot 0.547 win  0.54 ent  2.611 kl 0.0039 v 0.0055     56 sps
u  45 step    92160 mix R   1.729 loot 0.536 win  0.56 ent  2.524 kl 0.0049 v 0.0145     60 sps
[eval] mix loot 0.478 win 0.48 over 64 unseen bases
u  50 step   102400 mix R   1.635 loot 0.510 win  0.50 ent  2.574 kl 0.0017 v 0.0108     50 sps
u  55 step   112640 mix R   1.651 loot 0.513 win  0.53 ent  2.440 kl 0.0018 v 0.0034     52 sps
u  60 step   122880 mix R   1.629 loot 0.508 win  0.54 ent  2.710 kl 0.0021 v 0.0042     55 sps
u  65 step   133120 mix R   1.650 loot 0.514 win  0.52 ent  2.581 kl 0.0100 v 0.0055     57 sps
u  70 step   143360 mix R   1.639 loot 0.514 win  0.49 ent  2.733 kl 0.0015 v 0.0072     59 sps
[eval] mix loot 0.504 win 0.50 over 64 unseen bases
u  75 step   153600 mix R   1.585 loot 0.499 win  0.45 ent  2.842 kl 0.0018 v 0.0042     55 sps
u  80 step   163840 mix R   1.574 loot 0.494 win  0.45 ent  2.764 kl 0.0034 v 0.0049     58 sps
u  85 step   174080 mix R   1.513 loot 0.477 win  0.47 ent  2.876 kl 0.0016 v 0.0070     61 sps
u  90 step   184320 mix R   1.658 loot 0.516 win  0.53 ent  3.239 kl 0.0015 v 0.0036     64 sps
u  95 step   194560 mix R   1.739 loot 0.539 win  0.54 ent  3.299 kl 0.0025 v 0.0059     66 sps
[eval] mix loot 0.554 win 0.50 over 64 unseen bases
u 100 step   204800 mix R   1.734 loot 0.537 win  0.53 ent  2.996 kl 0.0004 v 0.0042     65 sps
u 105 step   215040 mix R   1.710 loot 0.531 win  0.52 ent  2.928 kl 0.0026 v 0.0058     67 sps
u 110 step   225280 mix R   1.756 loot 0.545 win  0.52 ent  2.913 kl 0.0019 v 0.0027     69 sps
u 115 step   235520 mix R   1.677 loot 0.524 win  0.50 ent  2.879 kl 0.0052 v 0.0045     72 sps
u 120 step   245760 mix R   1.692 loot 0.527 win  0.48 ent  3.223 kl 0.0030 v 0.0066     74 sps
[eval] mix loot 0.468 win 0.48 over 64 unseen bases
u 125 step   256000 mix R   1.737 loot 0.536 win  0.50 ent  2.231 kl 0.0034 v 0.0041     73 sps
u 130 step   266240 mix R   1.754 loot 0.541 win  0.50 ent  2.586 kl 0.0022 v 0.0057     75 sps
u 135 step   276480 mix R   1.591 loot 0.496 win  0.46 ent  1.565 kl 0.0020 v 0.0050     77 sps
u 140 step   286720 mix R   1.597 loot 0.498 win  0.51 ent  3.358 kl 0.0044 v 0.0031     79 sps
u 145 step   296960 mix R   1.614 loot 0.504 win  0.55 ent  2.470 kl 0.0008 v 0.0035     80 sps
[eval] mix loot 0.446 win 0.33 over 64 unseen bases
u 150 step   307200 mix R   1.496 loot 0.471 win  0.54 ent  2.697 kl 0.0025 v 0.0045     76 sps
