{
 "total_steps": "300000",
 "num_envs": "16",
 "buffer_size": "100000",
 "batch_size": "256",
 "learning_starts": "5000",
 "train_every": "4",
 "target_sync": "2000",
 "gamma": "0.995",
 "lr": "0.0003",
 "max_grad_norm": "5.0",
 "eps_start": "1.0",
 "eps_end": "0.05",
 "eps_decay_frac": "0.4",
 "double": "True",
 "d_model": "96",
 "n_heads": "4",
 "n_layers": "1",
 "device": "cpu",
 "torch_threads": "10",
 "seed": "0",
 "level": "L3",
 "levels": "None",
 "run_dir": "experiments/dqn_L3",
 "log_every": "20",
 "eval_every": "100",
 "eval_episodes": "16"
}
step     5120 eps 0.96 loss  0.0116 R     nan loot   nan win  nan   156 sps
step     5440 eps 0.96 loss  0.0048 R     nan loot   nan win  nan   141 sps
step     5760 eps 0.95 loss  0.0017 R     nan loot   nan win  nan   130 sps
step     6080 eps 0.95 loss  0.0015 R     nan loot   nan win  nan   123 sps
step     6400 eps 0.95 loss  0.0010 R   1.936 loot 0.608 win 1.00   117 sps
step     6720 eps 0.95 loss  0.0013 R   1.936 loot 0.608 win 1.00   112 sps
step     7040 eps 0.94 loss  0.0014 R   1.936 loot 0.608 win 1.00   108 sps
step     7360 eps 0.94 loss  0.0023 R   1.476 loot 0.460 win 0.38   104 sps
step     7680 eps 0.94 loss  0.0016 R   1.476 loot 0.460 win 0.38   100 sps
step     8000 eps 0.94 loss  0.0028 R   1.476 loot 0.460 win 0.38    97 sps
step     8320 eps 0.93 loss  0.0018 R   1.476 loot 0.460 win 0.38    94 sps
step     8640 eps 0.93 loss  0.0013 R   1.476 loot 0.460 win 0.38    92 sps
step     8960 eps 0.93 loss  0.0029 R   1.476 loot 0.460 win 0.38    89 sps
step     9280 eps 0.93 loss  0.0021 R   1.476 loot 0.460 win 0.38    87 sps
step     9600 eps 0.92 loss  0.0023 R   1.476 loot 0.460 win 0.38    83 sps
step     9920 eps 0.92 loss  0.0025 R   1.476 loot 0.460 win 0.38    82 sps
step    10240 eps 0.92 loss  0.0014 R   1.476 loot 0.460 win 0.38    79 sps
step    10560 eps 0.92 loss  0.0018 R   1.392 loot 0.437 win 0.35    76 sps
step    10880 eps 0.91 loss  0.0020 R   1.392 loot 0.437 win 0.35    75 sps
step    11200 eps 0.91 loss  0.0020 R   1.392 loot 0.437 win 0.35    74 sps
step    11520 eps 0.91 loss  0.0020 R   1.392 loot 0.437 win 0.35    73 sps
step    11840 eps 0.91 loss  0.0027 R   1.392 loot 0.437 win 0.35    73 sps
step    12160 eps 0.90 loss  0.0030 R   1.392 loot 0.437 win 0.35    72 sps
step    12480 eps 0.90 loss  0.0015 R   1.392 loot 0.437 win 0.35    72 sps
step    12800 eps 0.90 loss  0.0037 R   1.392 loot 0.437 win 0.35    72 sps
step    13120 eps 0.90 loss  0.0037 R   1.392 loot 0.437 win 0.35    71 sps
step    13440 eps 0.89 loss  0.0028 R   1.418 loot 0.444 win 0.39    71 sps
step    13760 eps 0.89 loss  0.0028 R   1.418 loot 0.444 win 0.39    71 sps
step    14080 eps 0.89 loss  0.0023 R   1.418 loot 0.444 win 0.39    71 sps
step    14400 eps 0.89 loss  0.0030 R   1.418 loot 0.444 win 0.39    70 sps
step    14720 eps 0.88 loss  0.0020 R   1.545 loot 0.479 win 0.38    70 sps
step    15040 eps 0.88 loss  0.0021 R   1.545 loot 0.479 win 0.38    70 sps
step    15360 eps 0.88 loss  0.0028 R   1.545 loot 0.479 win 0.38    69 sps
step    15680 eps 0.88 loss  0.0016 R   1.545 loot 0.479 win 0.38    69 sps
step    16000 eps 0.87 loss  0.0018 R   1.545 loot 0.479 win 0.38    68 sps
step    16320 eps 0.87 loss  0.0011 R   1.545 loot 0.479 win 0.38    68 sps
step    16640 eps 0.87 loss  0.0027 R   1.545 loot 0.479 win 0.38    68 sps
step    16960 eps 0.87 loss  0.0030 R   1.545 loot 0.479 win 0.38    68 sps
step    17280 eps 0.86 loss  0.0025 R   1.545 loot 0.479 win 0.38    68 sps
step    17600 eps 0.86 loss  0.0020 R   1.539 loot 0.478 win 0.39    68 sps
step    17920 eps 0.86 loss  0.0010 R   1.540 loot 0.478 win 0.38    69 sps
step    18240 eps 0.86 loss  0.0019 R   1.540 loot 0.478 win 0.38    69 sps
step    18560 eps 0.85 loss  0.0026 R   1.540 loot 0.478 win 0.38    69 sps
step    18880 eps 0.85 loss  0.0014 R   1.540 loot 0.478 win 0.38    69 sps
step    19200 eps 0.85 loss  0.0015 R   1.540 loot 0.478 win 0.38    69 sps
step    19520 eps 0.85 loss  0.0010 R   1.524 loot 0.474 win 0.37    70 sps
step    19840 eps 0.84 loss  0.0008 R   1.524 loot 0.474 win 0.37    70 sps
step    20160 eps 0.84 loss  0.0009 R   1.524 loot 0.474 win 0.37    70 sps
step    20480 eps 0.84 loss  0.0028 R   1.524 loot 0.474 win 0.37    70 sps
step    20800 eps 0.84 loss  0.0008 R   1.569 loot 0.487 win 0.36    71 sps
step    21120 eps 0.83 loss  0.0037 R   1.569 loot 0.487 win 0.36    71 sps
step    21440 eps 0.83 loss  0.0024 R   1.569 loot 0.487 win 0.36    71 sps
step    21760 eps 0.83 loss  0.0014 R   1.522 loot 0.471 win 0.35    72 sps
step    22080 eps 0.83 loss  0.0011 R   1.522 loot 0.471 win 0.35    72 sps
step    22400 eps 0.82 loss  0.0014 R   1.522 loot 0.471 win 0.35    72 sps
step    22720 eps 0.82 loss  0.0020 R   1.522 loot 0.471 win 0.35    72 sps
step    23040 eps 0.82 loss  0.0034 R   1.522 loot 0.471 win 0.35    72 sps
step    23360 eps 0.82 loss  0.0019 R   1.522 loot 0.471 win 0.35    72 sps
step    23680 eps 0.81 loss  0.0019 R   1.522 loot 0.471 win 0.35    72 sps
step    24000 eps 0.81 loss  0.0010 R   1.522 loot 0.471 win 0.35    72 sps
step    24320 eps 0.81 loss  0.0012 R   1.522 loot 0.471 win 0.35    72 sps
step    24640 eps 0.81 loss  0.0009 R   1.522 loot 0.471 win 0.35    73 sps
step    24960 eps 0.80 loss  0.0012 R   1.547 loot 0.478 win 0.36    73 sps
step    25280 eps 0.80 loss  0.0016 R   1.547 loot 0.478 win 0.36    73 sps
step    25600 eps 0.80 loss  0.0009 R   1.547 loot 0.478 win 0.36    73 sps
step    25920 eps 0.79 loss  0.0010 R   1.547 loot 0.478 win 0.36    73 sps
step    26240 eps 0.79 loss  0.0012 R   1.547 loot 0.478 win 0.36    73 sps
step    26560 eps 0.79 loss  0.0012 R   1.547 loot 0.478 win 0.36    73 sps
step    26880 eps 0.79 loss  0.0019 R   1.547 loot 0.478 win 0.35    74 sps
step    27200 eps 0.78 loss  0.0017 R   1.547 loot 0.478 win 0.35    74 sps
step    27520 eps 0.78 loss  0.0013 R   1.547 loot 0.478 win 0.35    74 sps
step    27840 eps 0.78 loss  0.0015 R   1.557 loot 0.480 win 0.37    74 sps
step    28160 eps 0.78 loss  0.0010 R   1.557 loot 0.480 win 0.37    74 sps
step    28480 eps 0.77 loss  0.0012 R   1.557 loot 0.480 win 0.37    74 sps
step    28800 eps 0.77 loss  0.0012 R   1.557 loot 0.480 win 0.37    74 sps
step    29120 eps 0.77 loss  0.0018 R   1.519 loot 0.467 win 0.33    74 sps
step    29440 eps 0.77 loss  0.0017 R   1.519 loot 0.467 win 0.33    74 sps
step    29760 eps 0.76 loss  0.0019 R   1.519 loot 0.467 win 0.33    75 sps
step    30080 eps 0.76 loss  0.0013 R   1.519 loot 0.467 win 0.33    75 sps
step    30400 eps 0.76 loss  0.0012 R   1.519 loot 0.467 win 0.33    75 sps
step    30720 eps 0.76 loss  0.0015 R   1.519 loot 0.467 win 0.33    76 sps
step    31040 eps 0.75 loss  0.0011 R   1.519 loot 0.467 win 0.33    76 sps
step    31360 eps 0.75 loss  0.0016 R   1.496 loot 0.461 win 0.32    77 sps
step    31680 eps 0.75 loss  0.0024 R   1.496 loot 0.461 win 0.32    77 sps
step    32000 eps 0.75 loss  0.0016 R   1.480 loot 0.457 win 0.31    77 sps
step    32320 eps 0.74 loss  0.0027 R   1.487 loot 0.459 win 0.32    78 sps
step    32640 eps 0.74 loss  0.0008 R   1.487 loot 0.459 win 0.32    78 sps
step    32960 eps 0.74 loss  0.0016 R   1.487 loot 0.459 win 0.32    79 sps
step    33280 eps 0.74 loss  0.0013 R   1.487 loot 0.459 win 0.32    79 sps
step    33600 eps 0.73 loss  0.0018 R   1.487 loot 0.459 win 0.32    80 sps
step    33920 eps 0.73 loss  0.0020 R   1.484 loot 0.458 win 0.32    80 sps
step    34240 eps 0.73 loss  0.0038 R   1.484 loot 0.458 win 0.32    80 sps
step    34560 eps 0.73 loss  0.0045 R   1.484 loot 0.458 win 0.32    81 sps
step    34880 eps 0.72 loss  0.0021 R   1.484 loot 0.458 win 0.32    81 sps
step    35200 eps 0.72 loss  0.0026 R   1.490 loot 0.460 win 0.31    82 sps
step    35520 eps 0.72 loss  0.0058 R   1.490 loot 0.460 win 0.31    82 sps
step    35840 eps 0.72 loss  0.0045 R   1.490 loot 0.460 win 0.31    83 sps
step    36160 eps 0.71 loss  0.0040 R   1.490 loot 0.460 win 0.30    83 sps
step    36480 eps 0.71 loss  0.0020 R   1.490 loot 0.460 win 0.30    83 sps
step    36800 eps 0.71 loss  0.0024 R   1.490 loot 0.460 win 0.30    84 sps
step    37120 eps 0.71 loss  0.0017 R   1.490 loot 0.460 win 0.30    84 sps
step    37440 eps 0.70 loss  0.0016 R   1.490 loot 0.460 win 0.30    84 sps
step    37760 eps 0.70 loss  0.0046 R   1.490 loot 0.460 win 0.30    85 sps
step    38080 eps 0.70 loss  0.0034 R   1.490 loot 0.460 win 0.30    85 sps
step    38400 eps 0.70 loss  0.0006 R   1.504 loot 0.464 win 0.31    85 sps
step    38720 eps 0.69 loss  0.0018 R   1.504 loot 0.464 win 0.31    86 sps
step    39040 eps 0.69 loss  0.0043 R   1.504 loot 0.464 win 0.31    86 sps
step    39360 eps 0.69 loss  0.0037 R   1.520 loot 0.469 win 0.30    86 sps
step    39680 eps 0.69 loss  0.0043 R   1.531 loot 0.471 win 0.31    87 sps
step    40000 eps 0.68 loss  0.0015 R   1.531 loot 0.471 win 0.31    87 sps
step    40320 eps 0.68 loss  0.0008 R   1.531 loot 0.471 win 0.31    87 sps
step    40640 eps 0.68 loss  0.0014 R   1.531 loot 0.471 win 0.31    88 sps
step    40960 eps 0.68 loss  0.0005 R   1.531 loot 0.471 win 0.31    88 sps
step    41280 eps 0.67 loss  0.0021 R   1.530 loot 0.471 win 0.31    88 sps
step    41600 eps 0.67 loss  0.0008 R   1.530 loot 0.471 win 0.31    88 sps
step    41920 eps 0.67 loss  0.0006 R   1.530 loot 0.471 win 0.31    88 sps
step    42240 eps 0.67 loss  0.0012 R   1.529 loot 0.471 win 0.30    88 sps
step    42560 eps 0.66 loss  0.0041 R   1.529 loot 0.471 win 0.30    88 sps
step    42880 eps 0.66 loss  0.0025 R   1.529 loot 0.471 win 0.30    88 sps
step    43200 eps 0.66 loss  0.0022 R   1.529 loot 0.471 win 0.30    88 sps
step    43520 eps 0.66 loss  0.0021 R   1.506 loot 0.464 win 0.29    88 sps
step    43840 eps 0.65 loss  0.0010 R   1.506 loot 0.464 win 0.29    88 sps
step    44160 eps 0.65 loss  0.0015 R   1.506 loot 0.464 win 0.29    88 sps
step    44480 eps 0.65 loss  0.0032 R   1.506 loot 0.464 win 0.29    88 sps
step    44800 eps 0.65 loss  0.0029 R   1.506 loot 0.464 win 0.29    88 sps
step    45120 eps 0.64 loss  0.0012 R   1.506 loot 0.464 win 0.29    87 sps
step    45440 eps 0.64 loss  0.0009 R   1.506 loot 0.464 win 0.29    87 sps
step    45760 eps 0.64 loss  0.0022 R   1.496 loot 0.461 win 0.29    87 sps
step    46080 eps 0.64 loss  0.0012 R   1.496 loot 0.461 win 0.29    87 sps
step    46400 eps 0.63 loss  0.0012 R   1.498 loot 0.462 win 0.30    87 sps
step    46720 eps 0.63 loss  0.0018 R   1.502 loot 0.463 win 0.31    86 sps
step    47040 eps 0.63 loss  0.0021 R   1.502 loot 0.463 win 0.31    87 sps
step    47360 eps 0.63 loss  0.0028 R   1.502 loot 0.463 win 0.31    87 sps
step    47680 eps 0.62 loss  0.0042 R   1.502 loot 0.463 win 0.31    87 sps
step    48000 eps 0.62 loss  0.0018 R   1.502 loot 0.463 win 0.31    87 sps
step    48320 eps 0.62 loss  0.0029 R   1.502 loot 0.463 win 0.31    87 sps
step    48640 eps 0.62 loss  0.0046 R   1.490 loot 0.459 win 0.30    87 sps
step    48960 eps 0.61 loss  0.0016 R   1.490 loot 0.459 win 0.30    87 sps
step    49280 eps 0.61 loss  0.0013 R   1.490 loot 0.459 win 0.30    87 sps
step    49600 eps 0.61 loss  0.0028 R   1.496 loot 0.460 win 0.30    87 sps
step    49920 eps 0.60 loss  0.0016 R   1.496 loot 0.460 win 0.30    87 sps
step    50240 eps 0.60 loss  0.0019 R   1.496 loot 0.460 win 0.30    87 sps
step    50560 eps 0.60 loss  0.0025 R   1.471 loot 0.454 win 0.31    87 sps
step    50880 eps 0.60 loss  0.0009 R   1.471 loot 0.454 win 0.31    87 sps
step    51200 eps 0.59 loss  0.0010 R   1.471 loot 0.454 win 0.31    87 sps
step    51520 eps 0.59 loss  0.0016 R   1.471 loot 0.454 win 0.31    87 sps
step    51840 eps 0.59 loss  0.0023 R   1.471 loot 0.454 win 0.31    87 sps
step    52160 eps 0.59 loss  0.0009 R   1.471 loot 0.454 win 0.31    87 sps
step    52480 eps 0.58 loss  0.0010 R   1.471 loot 0.454 win 0.31    87 sps
step    52800 eps 0.58 loss  0.0017 R   1.471 loot 0.454 win 0.31    87 sps
step    53120 eps 0.58 loss  0.0011 R   1.495 loot 0.460 win 0.32    87 sps
step    53440 eps 0.58 loss  0.0015 R   1.493 loot 0.460 win 0.32    87 sps
step    53760 eps 0.57 loss  0.0008 R   1.510 loot 0.465 win 0.32    87 sps
step    54080 eps 0.57 loss  0.0013 R   1.518 loot 0.468 win 0.31    87 sps
step    54400 eps 0.57 loss  0.0022 R   1.518 loot 0.468 win 0.31    87 sps
step    54720 eps 0.57 loss  0.0020 R   1.518 loot 0.468 win 0.31    87 sps
step    55040 eps 0.56 loss  0.0004 R   1.518 loot 0.468 win 0.31    87 sps
step    55360 eps 0.56 loss  0.0009 R   1.518 loot 0.468 win 0.31    87 sps
step    55680 eps 0.56 loss  0.0018 R   1.528 loot 0.470 win 0.32    88 sps
step    56000 eps 0.56 loss  0.0016 R   1.528 loot 0.470 win 0.32    88 sps
step    56320 eps 0.55 loss  0.0017 R   1.528 loot 0.470 win 0.32    88 sps
step    56640 eps 0.55 loss  0.0030 R   1.551 loot 0.476 win 0.33    88 sps
step    56960 eps 0.55 loss  0.0010 R   1.551 loot 0.476 win 0.33    88 sps
step    57280 eps 0.55 loss  0.0017 R   1.551 loot 0.476 win 0.33    88 sps
step    57600 eps 0.54 loss  0.0012 R   1.551 loot 0.476 win 0.33    88 sps
step    57920 eps 0.54 loss  0.0010 R   1.525 loot 0.469 win 0.33    88 sps
step    58240 eps 0.54 loss  0.0019 R   1.525 loot 0.469 win 0.33    88 sps
step    58560 eps 0.54 loss  0.0022 R   1.525 loot 0.469 win 0.33    88 sps
step    58880 eps 0.53 loss  0.0010 R   1.525 loot 0.469 win 0.33    88 sps
step    59200 eps 0.53 loss  0.0011 R   1.525 loot 0.469 win 0.33    88 sps
step    59520 eps 0.53 loss  0.0006 R   1.525 loot 0.469 win 0.33    88 sps
step    59840 eps 0.53 loss  0.0021 R   1.525 loot 0.469 win 0.33    88 sps
step    60160 eps 0.52 loss  0.0023 R   1.541 loot 0.473 win 0.34    89 sps
step    60480 eps 0.52 loss  0.0022 R   1.541 loot 0.473 win 0.34    89 sps
step    60800 eps 0.52 loss  0.0013 R   1.512 loot 0.465 win 0.34    89 sps
step    61120 eps 0.52 loss  0.0016 R   1.542 loot 0.474 win 0.35    89 sps
step    61440 eps 0.51 loss  0.0029 R   1.530 loot 0.470 win 0.35    89 sps
step    61760 eps 0.51 loss  0.0009 R   1.530 loot 0.470 win 0.35    89 sps
step    62080 eps 0.51 loss  0.0006 R   1.530 loot 0.470 win 0.35    89 sps
step    62400 eps 0.51 loss  0.0019 R   1.530 loot 0.470 win 0.35    89 sps
step    62720 eps 0.50 loss  0.0038 R   1.530 loot 0.470 win 0.35    89 sps
step    63040 eps 0.50 loss  0.0028 R   1.539 loot 0.472 win 0.36    89 sps
step    63360 eps 0.50 loss  0.0019 R   1.539 loot 0.472 win 0.36    89 sps
step    63680 eps 0.50 loss  0.0032 R   1.539 loot 0.472 win 0.36    89 sps
step    64000 eps 0.49 loss  0.0033 R   1.525 loot 0.468 win 0.37    89 sps
step    64320 eps 0.49 loss  0.0015 R   1.525 loot 0.468 win 0.37    89 sps
step    64640 eps 0.49 loss  0.0044 R   1.525 loot 0.468 win 0.37    89 sps
step    64960 eps 0.49 loss  0.0048 R   1.528 loot 0.469 win 0.35    89 sps
step    65280 eps 0.48 loss  0.0016 R   1.528 loot 0.469 win 0.35    89 sps
step    65600 eps 0.48 loss  0.0035 R   1.528 loot 0.469 win 0.35    89 sps
step    65920 eps 0.48 loss  0.0010 R   1.528 loot 0.469 win 0.35    89 sps
step    66240 eps 0.48 loss  0.0029 R   1.528 loot 0.469 win 0.35    89 sps
step    66560 eps 0.47 loss  0.0068 R   1.528 loot 0.469 win 0.35    90 sps
step    66880 eps 0.47 loss  0.0027 R   1.528 loot 0.469 win 0.35    90 sps
step    67200 eps 0.47 loss  0.0020 R   1.528 loot 0.469 win 0.35    90 sps
step    67520 eps 0.47 loss  0.0013 R   1.535 loot 0.472 win 0.35    90 sps
step    67840 eps 0.46 loss  0.0056 R   1.527 loot 0.470 win 0.35    90 sps
step    68160 eps 0.46 loss  0.0028 R   1.555 loot 0.477 win 0.35    90 sps
step    68480 eps 0.46 loss  0.0014 R   1.530 loot 0.471 win 0.34    90 sps
step    68800 eps 0.46 loss  0.0027 R   1.530 loot 0.471 win 0.34    90 sps
step    69120 eps 0.45 loss  0.0020 R   1.530 loot 0.471 win 0.34    90 sps
step    69440 eps 0.45 loss  0.0032 R   1.530 loot 0.471 win 0.34    90 sps
step    69760 eps 0.45 loss  0.0017 R   1.530 loot 0.471 win 0.34    90 sps
step    70080 eps 0.45 loss  0.0037 R   1.535 loot 0.472 win 0.34    90 sps
step    70400 eps 0.44 loss  0.0061 R   1.535 loot 0.472 win 0.34    90 sps
step    70720 eps 0.44 loss  0.0025 R   1.535 loot 0.472 win 0.34    91 sps
step    71040 eps 0.44 loss  0.0012 R   1.535 loot 0.472 win 0.34    91 sps
step    71360 eps 0.44 loss  0.0020 R   1.521 loot 0.468 win 0.33    91 sps
step    71680 eps 0.43 loss  0.0068 R   1.521 loot 0.468 win 0.33    91 sps
step    72000 eps 0.43 loss  0.0022 R   1.521 loot 0.468 win 0.33    91 sps
step    72320 eps 0.43 loss  0.0028 R   1.544 loot 0.475 win 0.35    92 sps
step    72640 eps 0.43 loss  0.0035 R   1.544 loot 0.475 win 0.35    92 sps
step    72960 eps 0.42 loss  0.0026 R   1.544 loot 0.475 win 0.35    92 sps
step    73280 eps 0.42 loss  0.0007 R   1.544 loot 0.475 win 0.35    92 sps
step    73600 eps 0.42 loss  0.0012 R   1.544 loot 0.475 win 0.35    92 sps
step    73920 eps 0.41 loss  0.0023 R   1.544 loot 0.475 win 0.35    93 sps
step    74240 eps 0.41 loss  0.0016 R   1.544 loot 0.475 win 0.35    93 sps
step    74560 eps 0.41 loss  0.0009 R   1.558 loot 0.479 win 0.36    93 sps
step    74880 eps 0.41 loss  0.0011 R   1.558 loot 0.479 win 0.36    93 sps
step    75200 eps 0.40 loss  0.0016 R   1.538 loot 0.473 win 0.35    93 sps
step    75520 eps 0.40 loss  0.0012 R   1.559 loot 0.479 win 0.35    93 sps
step    75840 eps 0.40 loss  0.0016 R   1.563 loot 0.480 win 0.35    94 sps
step    76160 eps 0.40 loss  0.0013 R   1.563 loot 0.480 win 0.35    94 sps
step    76480 eps 0.39 loss  0.0009 R   1.563 loot 0.480 win 0.35    94 sps
step    76800 eps 0.39 loss  0.0009 R   1.563 loot 0.480 win 0.35    94 sps
step    77120 eps 0.39 loss  0.0027 R   1.563 loot 0.480 win 0.35    94 sps
step    77440 eps 0.39 loss  0.0019 R   1.555 loot 0.478 win 0.35    94 sps
step    77760 eps 0.38 loss  0.0026 R   1.555 loot 0.478 win 0.35    95 sps
step    78080 eps 0.38 loss  0.0018 R   1.555 loot 0.478 win 0.35    95 sps
step    78400 eps 0.38 loss  0.0018 R   1.543 loot 0.475 win 0.34    95 sps
step    78720 eps 0.38 loss  0.0013 R   1.543 loot 0.475 win 0.34    95 sps
step    79040 eps 0.37 loss  0.0011 R   1.543 loot 0.475 win 0.34    95 sps
step    79360 eps 0.37 loss  0.0018 R   1.539 loot 0.474 win 0.34    95 sps
step    79680 eps 0.37 loss  0.0017 R   1.598 loot 0.491 win 0.40    95 sps
step    80000 eps 0.37 loss  0.0039 R   1.598 loot 0.491 win 0.40    95 sps
step    80320 eps 0.36 loss  0.0045 R   1.598 loot 0.491 win 0.40    95 sps
step    80640 eps 0.36 loss  0.0014 R   1.598 loot 0.491 win 0.40    95 sps
step    80960 eps 0.36 loss  0.0012 R   1.598 loot 0.491 win 0.40    95 sps
step    81280 eps 0.36 loss  0.0010 R   1.598 loot 0.491 win 0.40    95 sps
step    81600 eps 0.35 loss  0.0015 R   1.598 loot 0.491 win 0.40    95 sps
step    81920 eps 0.35 loss  0.0014 R   1.598 loot 0.491 win 0.40    95 sps
step    82240 eps 0.35 loss  0.0019 R   1.584 loot 0.488 win 0.40    95 sps
step    82560 eps 0.35 loss  0.0022 R   1.589 loot 0.489 win 0.40    95 sps
step    82880 eps 0.34 loss  0.0039 R   1.585 loot 0.487 win 0.39    95 sps
step    83200 eps 0.34 loss  0.0037 R   1.585 loot 0.487 win 0.39    95 sps
step    83520 eps 0.34 loss  0.0025 R   1.585 loot 0.487 win 0.39    95 sps
step    83840 eps 0.34 loss  0.0052 R   1.585 loot 0.487 win 0.39    95 sps
step    84160 eps 0.33 loss  0.0027 R   1.585 loot 0.487 win 0.39    95 sps
step    84480 eps 0.33 loss  0.0046 R   1.570 loot 0.483 win 0.40    95 sps
step    84800 eps 0.33 loss  0.0027 R   1.570 loot 0.483 win 0.40    95 sps
step    85120 eps 0.33 loss  0.0012 R   1.570 loot 0.483 win 0.40    95 sps
step    85440 eps 0.32 loss  0.0019 R   1.570 loot 0.483 win 0.40    95 sps
step    85760 eps 0.32 loss  0.0050 R   1.558 loot 0.480 win 0.39    95 sps
step    86080 eps 0.32 loss  0.0037 R   1.558 loot 0.480 win 0.39    95 sps
step    86400 eps 0.32 loss  0.0019 R   1.561 loot 0.481 win 0.40    95 sps
step    86720 eps 0.31 loss  0.0024 R   1.587 loot 0.489 win 0.42    95 sps
step    87040 eps 0.31 loss  0.0033 R   1.587 loot 0.489 win 0.42    95 sps
step    87360 eps 0.31 loss  0.0017 R   1.587 loot 0.489 win 0.42    95 sps
step    87680 eps 0.31 loss  0.0013 R   1.587 loot 0.489 win 0.42    95 sps
step    88000 eps 0.30 loss  0.0017 R   1.587 loot 0.489 win 0.42    95 sps
step    88320 eps 0.30 loss  0.0010 R   1.580 loot 0.488 win 0.43    95 sps
step    88640 eps 0.30 loss  0.0031 R   1.580 loot 0.488 win 0.43    95 sps
step    88960 eps 0.30 loss  0.0029 R   1.580 loot 0.488 win 0.43    95 sps
step    89280 eps 0.29 loss  0.0014 R   1.580 loot 0.488 win 0.43    95 sps
step    89600 eps 0.29 loss  0.0009 R   1.585 loot 0.489 win 0.43    95 sps
step    89920 eps 0.29 loss  0.0010 R   1.579 loot 0.487 win 0.43    95 sps
step    90240 eps 0.29 loss  0.0006 R   1.586 loot 0.489 win 0.43    95 sps
step    90560 eps 0.28 loss  0.0012 R   1.586 loot 0.489 win 0.43    95 sps
step    90880 eps 0.28 loss  0.0006 R   1.586 loot 0.489 win 0.43    95 sps
step    91200 eps 0.28 loss  0.0025 R   1.586 loot 0.489 win 0.43    94 sps
step    91520 eps 0.28 loss  0.0016 R   1.586 loot 0.489 win 0.43    94 sps
step    91840 eps 0.27 loss  0.0008 R   1.576 loot 0.487 win 0.42    94 sps
step    92160 eps 0.27 loss  0.0018 R   1.576 loot 0.487 win 0.42    94 sps
step    92480 eps 0.27 loss  0.0015 R   1.576 loot 0.487 win 0.42    94 sps
step    92800 eps 0.27 loss  0.0012 R   1.579 loot 0.487 win 0.42    94 sps
step    93120 eps 0.26 loss  0.0013 R   1.579 loot 0.487 win 0.42    94 sps
step    93440 eps 0.26 loss  0.0026 R   1.579 loot 0.487 win 0.42    94 sps
step    93760 eps 0.26 loss  0.0103 R   1.567 loot 0.485 win 0.42    94 sps
step    94080 eps 0.26 loss  0.0057 R   1.552 loot 0.480 win 0.40    94 sps
step    94400 eps 0.25 loss  0.0024 R   1.552 loot 0.480 win 0.40    94 sps
step    94720 eps 0.25 loss  0.0056 R   1.552 loot 0.480 win 0.40    94 sps
step    95040 eps 0.25 loss  0.0033 R   1.552 loot 0.480 win 0.40    94 sps
step    95360 eps 0.25 loss  0.0010 R   1.537 loot 0.475 win 0.39    94 sps
step    95680 eps 0.24 loss  0.0009 R   1.537 loot 0.475 win 0.39    94 sps
step    96000 eps 0.24 loss  0.0028 R   1.537 loot 0.475 win 0.39    94 sps
step    96320 eps 0.24 loss  0.0017 R   1.537 loot 0.475 win 0.39    94 sps
step    96640 eps 0.24 loss  0.0026 R   1.537 loot 0.475 win 0.39    94 sps
step    96960 eps 0.23 loss  0.0024 R   1.515 loot 0.469 win 0.38    94 sps
step    97280 eps 0.23 loss  0.0024 R   1.504 loot 0.466 win 0.38    94 sps
step    97600 eps 0.23 loss  0.0025 R   1.504 loot 0.466 win 0.38    94 sps
step    97920 eps 0.22 loss  0.0014 R   1.504 loot 0.466 win 0.38    94 sps
step    98240 eps 0.22 loss  0.0024 R   1.504 loot 0.466 win 0.38    94 sps
step    98560 eps 0.22 loss  0.0032 R   1.504 loot 0.466 win 0.38    94 sps
step    98880 eps 0.22 loss  0.0015 R   1.488 loot 0.462 win 0.38    94 sps
step    99200 eps 0.21 loss  0.0010 R   1.488 loot 0.462 win 0.38    94 sps
step    99520 eps 0.21 loss  0.0011 R   1.488 loot 0.462 win 0.38    94 sps
step    99840 eps 0.21 loss  0.0014 R   1.488 loot 0.462 win 0.38    93 sps
step   100160 eps 0.21 loss  0.0021 R   1.481 loot 0.460 win 0.38    93 sps
step   100480 eps 0.20 loss  0.0014 R   1.481 loot 0.460 win 0.38    93 sps
step   100800 eps 0.20 loss  0.0015 R   1.484 loot 0.461 win 0.39    93 sps
step   101120 eps 0.20 loss  0.0019 R   1.471 loot 0.458 win 0.38    93 sps
step   101440 eps 0.20 loss  0.0011 R   1.471 loot 0.458 win 0.38    93 sps
step   101760 eps 0.19 loss  0.0011 R   1.471 loot 0.458 win 0.38    93 sps
step   102080 eps 0.19 loss  0.0009 R   1.471 loot 0.458 win 0.38    93 sps
step   102400 eps 0.19 loss  0.0012 R   1.471 loot 0.458 win 0.38    93 sps
step   102720 eps 0.19 loss  0.0012 R   1.478 loot 0.459 win 0.38    93 sps
step   103040 eps 0.18 loss  0.0014 R   1.478 loot 0.459 win 0.38    93 sps
step   103360 eps 0.18 loss  0.0008 R   1.478 loot 0.459 win 0.38    93 sps
step   103680 eps 0.18 loss  0.0010 R   1.478 loot 0.459 win 0.38    93 sps
step   104000 eps 0.18 loss  0.0009 R   1.497 loot 0.465 win 0.38    93 sps
step   104320 eps 0.17 loss  0.0005 R   1.482 loot 0.460 win 0.36    93 sps
step   104640 eps 0.17 loss  0.0020 R   1.466 loot 0.457 win 0.35    93 sps
step   104960 eps 0.17 loss  0.0016 R   1.466 loot 0.457 win 0.35    93 sps
step   105280 eps 0.17 loss  0.0013 R   1.466 loot 0.457 win 0.35    93 sps
step   105600 eps 0.16 loss  0.0008 R   1.466 loot 0.457 win 0.35    93 sps
step   105920 eps 0.16 loss  0.0012 R   1.466 loot 0.457 win 0.35    93 sps
step   106240 eps 0.16 loss  0.0008 R   1.446 loot 0.450 win 0.34    93 sps
step   106560 eps 0.16 loss  0.0014 R   1.446 loot 0.450 win 0.34    92 sps
step   106880 eps 0.15 loss  0.0020 R   1.446 loot 0.450 win 0.34    92 sps
step   107200 eps 0.15 loss  0.0017 R   1.430 loot 0.446 win 0.33    92 sps
step   107520 eps 0.15 loss  0.0013 R   1.437 loot 0.448 win 0.33    92 sps
step   107840 eps 0.15 loss  0.0014 R   1.437 loot 0.448 win 0.33    92 sps
step   108160 eps 0.14 loss  0.0016 R   1.423 loot 0.444 win 0.32    92 sps
step   108480 eps 0.14 loss  0.0012 R   1.397 loot 0.436 win 0.31    93 sps
step   108800 eps 0.14 loss  0.0009 R   1.397 loot 0.436 win 0.31    93 sps
step   109120 eps 0.14 loss  0.0006 R   1.397 loot 0.436 win 0.31    93 sps
step   109440 eps 0.13 loss  0.0010 R   1.397 loot 0.436 win 0.31    93 sps
step   109760 eps 0.13 loss  0.0014 R   1.417 loot 0.442 win 0.31    93 sps
step   110080 eps 0.13 loss  0.0011 R   1.417 loot 0.442 win 0.31    93 sps
step   110400 eps 0.13 loss  0.0022 R   1.417 loot 0.442 win 0.31    93 sps
step   110720 eps 0.12 loss  0.0048 R   1.417 loot 0.442 win 0.31    93 sps
step   111040 eps 0.12 loss  0.0054 R   1.417 loot 0.442 win 0.31    93 sps
step   111360 eps 0.12 loss  0.0028 R   1.418 loot 0.443 win 0.32    93 sps
step   111680 eps 0.12 loss  0.0014 R   1.409 loot 0.441 win 0.32    93 sps
step   112000 eps 0.11 loss  0.0011 R   1.393 loot 0.437 win 0.32    94 sps
step   112320 eps 0.11 loss  0.0011 R   1.393 loot 0.437 win 0.32    94 sps
step   112640 eps 0.11 loss  0.0006 R   1.393 loot 0.437 win 0.32    94 sps
step   112960 eps 0.11 loss  0.0006 R   1.393 loot 0.437 win 0.32    94 sps
step   113280 eps 0.10 loss  0.0009 R   1.393 loot 0.437 win 0.32    94 sps
step   113600 eps 0.10 loss  0.0019 R   1.417 loot 0.443 win 0.33    94 sps
step   113920 eps 0.10 loss  0.0008 R   1.417 loot 0.443 win 0.33    94 sps
step   114240 eps 0.10 loss  0.0012 R   1.417 loot 0.443 win 0.33    94 sps
step   114560 eps 0.09 loss  0.0013 R   1.423 loot 0.445 win 0.34    94 sps
step   114880 eps 0.09 loss  0.0047 R   1.412 loot 0.442 win 0.34    95 sps
step   115200 eps 0.09 loss  0.0020 R   1.412 loot 0.442 win 0.34    95 sps
step   115520 eps 0.09 loss  0.0016 R   1.373 loot 0.432 win 0.33    95 sps
step   115840 eps 0.08 loss  0.0008 R   1.373 loot 0.432 win 0.33    95 sps
step   116160 eps 0.08 loss  0.0008 R   1.373 loot 0.432 win 0.33    95 sps
step   116480 eps 0.08 loss  0.0020 R   1.373 loot 0.432 win 0.33    95 sps
step   116800 eps 0.08 loss  0.0036 R   1.373 loot 0.432 win 0.33    95 sps
step   117120 eps 0.07 loss  0.0019 R   1.381 loot 0.434 win 0.34    95 sps
step   117440 eps 0.07 loss  0.0013 R   1.381 loot 0.434 win 0.34    95 sps
step   117760 eps 0.07 loss  0.0019 R   1.381 loot 0.434 win 0.34    95 sps
step   118080 eps 0.07 loss  0.0027 R   1.381 loot 0.434 win 0.34    96 sps
step   118400 eps 0.06 loss  0.0037 R   1.384 loot 0.434 win 0.34    96 sps
step   118720 eps 0.06 loss  0.0029 R   1.383 loot 0.433 win 0.34    96 sps
step   119040 eps 0.06 loss  0.0020 R   1.371 loot 0.430 win 0.34    96 sps
step   119360 eps 0.06 loss  0.0021 R   1.371 loot 0.430 win 0.34    96 sps
step   119680 eps 0.05 loss  0.0025 R   1.371 loot 0.430 win 0.34    96 sps
step   120000 eps 0.05 loss  0.0018 R   1.371 loot 0.430 win 0.34    96 sps
step   120320 eps 0.05 loss  0.0021 R   1.371 loot 0.430 win 0.34    96 sps
step   120640 eps 0.05 loss  0.0008 R   1.365 loot 0.429 win 0.34    96 sps
step   120960 eps 0.05 loss  0.0018 R   1.365 loot 0.429 win 0.34    96 sps
step   121280 eps 0.05 loss  0.0045 R   1.365 loot 0.429 win 0.34    97 sps
step   121600 eps 0.05 loss  0.0047 R   1.366 loot 0.429 win 0.34    97 sps
step   121920 eps 0.05 loss  0.0025 R   1.357 loot 0.426 win 0.34    97 sps
step   122240 eps 0.05 loss  0.0028 R   1.357 loot 0.426 win 0.34    97 sps
step   122560 eps 0.05 loss  0.0009 R   1.376 loot 0.431 win 0.35    97 sps
step   122880 eps 0.05 loss  0.0033 R   1.289 loot 0.406 win 0.31    97 sps
step   123200 eps 0.05 loss  0.0034 R   1.289 loot 0.406 win 0.31    97 sps
step   123520 eps 0.05 loss  0.0021 R   1.289 loot 0.406 win 0.31    97 sps
step   123840 eps 0.05 loss  0.0009 R   1.289 loot 0.406 win 0.31    97 sps
step   124160 eps 0.05 loss  0.0020 R   1.290 loot 0.406 win 0.30    97 sps
step   124480 eps 0.05 loss  0.0022 R   1.268 loot 0.400 win 0.29    98 sps
step   124800 eps 0.05 loss  0.0015 R   1.268 loot 0.400 win 0.29    98 sps
step   125120 eps 0.05 loss  0.0009 R   1.268 loot 0.400 win 0.29    98 sps
step   125440 eps 0.05 loss  0.0008 R   1.268 loot 0.400 win 0.29    98 sps
step   125760 eps 0.05 loss  0.0026 R   1.255 loot 0.396 win 0.28    98 sps
step   126080 eps 0.05 loss  0.0020 R   1.263 loot 0.399 win 0.28    98 sps
step   126400 eps 0.05 loss  0.0017 R   1.262 loot 0.398 win 0.29    98 sps
step   126720 eps 0.05 loss  0.0016 R   1.262 loot 0.398 win 0.29    98 sps
step   127040 eps 0.05 loss  0.0016 R   1.262 loot 0.398 win 0.29    98 sps
step   127360 eps 0.05 loss  0.0007 R   1.262 loot 0.398 win 0.29    98 sps
step   127680 eps 0.05 loss  0.0010 R   1.262 loot 0.398 win 0.29    98 sps
step   128000 eps 0.05 loss  0.0014 R   1.267 loot 0.400 win 0.29    98 sps
step   128320 eps 0.05 loss  0.0017 R   1.267 loot 0.400 win 0.29    98 sps
step   128640 eps 0.05 loss  0.0011 R   1.268 loot 0.400 win 0.30    98 sps
step   128960 eps 0.05 loss  0.0026 R   1.250 loot 0.395 win 0.29    98 sps
step   129280 eps 0.05 loss  0.0006 R   1.253 loot 0.396 win 0.30    98 sps
step   129600 eps 0.05 loss  0.0011 R   1.253 loot 0.396 win 0.30    98 sps
step   129920 eps 0.05 loss  0.0010 R   1.188 loot 0.377 win 0.26    98 sps
step   130240 eps 0.05 loss  0.0004 R   1.187 loot 0.377 win 0.26    98 sps
step   130560 eps 0.05 loss  0.0009 R   1.187 loot 0.377 win 0.26    98 sps
step   130880 eps 0.05 loss  0.0040 R   1.187 loot 0.377 win 0.26    99 sps
step   131200 eps 0.05 loss  0.0046 R   1.172 loot 0.373 win 0.25    99 sps
step   131520 eps 0.05 loss  0.0030 R   1.176 loot 0.374 win 0.25    99 sps
step   131840 eps 0.05 loss  0.0014 R   1.199 loot 0.380 win 0.26    98 sps
step   132160 eps 0.05 loss  0.0022 R   1.199 loot 0.380 win 0.26    99 sps
step   132480 eps 0.05 loss  0.0024 R   1.199 loot 0.380 win 0.26    99 sps
step   132800 eps 0.05 loss  0.0028 R   1.213 loot 0.384 win 0.26    99 sps
step   133120 eps 0.05 loss  0.0019 R   1.213 loot 0.384 win 0.26    99 sps
step   133440 eps 0.05 loss  0.0020 R   1.226 loot 0.387 win 0.26    99 sps
step   133760 eps 0.05 loss  0.0006 R   1.226 loot 0.387 win 0.26    99 sps
step   134080 eps 0.05 loss  0.0010 R   1.226 loot 0.387 win 0.26    99 sps
step   134400 eps 0.05 loss  0.0011 R   1.226 loot 0.387 win 0.26    99 sps
step   134720 eps 0.05 loss  0.0027 R   1.226 loot 0.387 win 0.26    99 sps
step   135040 eps 0.05 loss  0.0060 R   1.240 loot 0.391 win 0.27    99 sps
step   135360 eps 0.05 loss  0.0061 R   1.240 loot 0.391 win 0.27    99 sps
step   135680 eps 0.05 loss  0.0017 R   1.240 loot 0.391 win 0.27    99 sps
step   136000 eps 0.05 loss  0.0026 R   1.227 loot 0.389 win 0.26    99 sps
step   136320 eps 0.05 loss  0.0020 R   1.236 loot 0.391 win 0.26    99 sps
step   136640 eps 0.05 loss  0.0032 R   1.236 loot 0.391 win 0.26    99 sps
step   136960 eps 0.05 loss  0.0019 R   1.250 loot 0.394 win 0.27    99 sps
step   137280 eps 0.05 loss  0.0008 R   1.264 loot 0.397 win 0.29    99 sps
step   137600 eps 0.05 loss  0.0011 R   1.264 loot 0.397 win 0.29    99 sps
step   137920 eps 0.05 loss  0.0019 R   1.264 loot 0.397 win 0.29    99 sps
step   138240 eps 0.05 loss  0.0017 R   1.264 loot 0.397 win 0.29    98 sps
step   138560 eps 0.05 loss  0.0023 R   1.270 loot 0.398 win 0.30    98 sps
step   138880 eps 0.05 loss  0.0023 R   1.269 loot 0.399 win 0.30    98 sps
step   139200 eps 0.05 loss  0.0025 R   1.269 loot 0.399 win 0.30    98 sps
step   139520 eps 0.05 loss  0.0013 R   1.269 loot 0.399 win 0.30    98 sps
step   139840 eps 0.05 loss  0.0027 R   1.276 loot 0.401 win 0.30    98 sps
step   140160 eps 0.05 loss  0.0034 R   1.276 loot 0.401 win 0.30    98 sps
step   140480 eps 0.05 loss  0.0014 R   1.276 loot 0.401 win 0.30    98 sps
step   140800 eps 0.05 loss  0.0009 R   1.266 loot 0.398 win 0.30    98 sps
step   141120 eps 0.05 loss  0.0014 R   1.266 loot 0.398 win 0.30    97 sps
step   141440 eps 0.05 loss  0.0010 R   1.266 loot 0.398 win 0.30    97 sps
step   141760 eps 0.05 loss  0.0013 R   1.266 loot 0.398 win 0.30    97 sps
step   142080 eps 0.05 loss  0.0007 R   1.266 loot 0.398 win 0.30    97 sps
step   142400 eps 0.05 loss  0.0012 R   1.289 loot 0.405 win 0.30    97 sps
step   142720 eps 0.05 loss  0.0017 R   1.289 loot 0.405 win 0.30    97 sps
step   143040 eps 0.05 loss  0.0011 R   1.309 loot 0.410 win 0.30    97 sps
step   143360 eps 0.05 loss  0.0018 R   1.294 loot 0.406 win 0.29    97 sps
step   143680 eps 0.05 loss  0.0009 R   1.283 loot 0.402 win 0.28    97 sps
step   144000 eps 0.05 loss  0.0018 R   1.283 loot 0.402 win 0.28    96 sps
step   144320 eps 0.05 loss  0.0006 R   1.213 loot 0.382 win 0.26    96 sps
step   144640 eps 0.05 loss  0.0008 R   1.216 loot 0.384 win 0.25    96 sps
step   144960 eps 0.05 loss  0.0012 R   1.216 loot 0.384 win 0.25    96 sps
step   145280 eps 0.05 loss  0.0008 R   1.216 loot 0.384 win 0.25    96 sps
step   145600 eps 0.05 loss  0.0009 R   1.218 loot 0.384 win 0.24    96 sps
step   145920 eps 0.05 loss  0.0008 R   1.186 loot 0.375 win 0.23    96 sps
step   146240 eps 0.05 loss  0.0009 R   1.205 loot 0.379 win 0.23    96 sps
step   146560 eps 0.05 loss  0.0013 R   1.205 loot 0.379 win 0.23    96 sps
step   146880 eps 0.05 loss  0.0009 R   1.205 loot 0.379 win 0.23    96 sps
step   147200 eps 0.05 loss  0.0018 R   1.215 loot 0.382 win 0.23    96 sps
step   147520 eps 0.05 loss  0.0031 R   1.215 loot 0.382 win 0.23    96 sps
step   147840 eps 0.05 loss  0.0021 R   1.220 loot 0.383 win 0.24    96 sps
step   148160 eps 0.05 loss  0.0011 R   1.220 loot 0.383 win 0.24    96 sps
step   148480 eps 0.05 loss  0.0016 R   1.220 loot 0.383 win 0.24    95 sps
step   148800 eps 0.05 loss  0.0016 R   1.220 loot 0.383 win 0.24    95 sps
step   149120 eps 0.05 loss  0.0008 R   1.207 loot 0.379 win 0.24    95 sps
step   149440 eps 0.05 loss  0.0006 R   1.212 loot 0.381 win 0.24    95 sps
step   149760 eps 0.05 loss  0.0004 R   1.212 loot 0.381 win 0.24    95 sps
step   150080 eps 0.05 loss  0.0006 R   1.212 loot 0.381 win 0.24    95 sps
step   150400 eps 0.05 loss  0.0010 R   1.218 loot 0.382 win 0.25    95 sps
step   150720 eps 0.05 loss  0.0015 R   1.220 loot 0.384 win 0.25    95 sps
step   151040 eps 0.05 loss  0.0011 R   1.222 loot 0.384 win 0.26    95 sps
step   151360 eps 0.05 loss  0.0019 R   1.229 loot 0.386 win 0.26    95 sps
step   151680 eps 0.05 loss  0.0009 R   1.216 loot 0.383 win 0.27    95 sps
step   152000 eps 0.05 loss  0.0015 R   1.218 loot 0.383 win 0.28    95 sps
step   152320 eps 0.05 loss  0.0007 R   1.218 loot 0.383 win 0.28    94 sps
step   152640 eps 0.05 loss  0.0007 R   1.218 loot 0.383 win 0.28    94 sps
step   152960 eps 0.05 loss  0.0006 R   1.224 loot 0.385 win 0.29    94 sps
step   153280 eps 0.05 loss  0.0008 R   1.214 loot 0.382 win 0.30    94 sps
step   153600 eps 0.05 loss  0.0020 R   1.214 loot 0.382 win 0.30    94 sps
step   153920 eps 0.05 loss  0.0015 R   1.214 loot 0.382 win 0.30    94 sps
step   154240 eps 0.05 loss  0.0010 R   1.214 loot 0.382 win 0.30    94 sps
step   154560 eps 0.05 loss  0.0009 R   1.214 loot 0.382 win 0.30    94 sps
step   154880 eps 0.05 loss  0.0012 R   1.214 loot 0.382 win 0.30    94 sps
step   155200 eps 0.05 loss  0.0010 R   1.226 loot 0.386 win 0.31    94 sps
step   155520 eps 0.05 loss  0.0017 R   1.226 loot 0.386 win 0.31    93 sps
step   155840 eps 0.05 loss  0.0025 R   1.226 loot 0.386 win 0.31    93 sps
step   156160 eps 0.05 loss  0.0029 R   1.226 loot 0.386 win 0.31    93 sps
step   156480 eps 0.05 loss  0.0010 R   1.224 loot 0.385 win 0.31    93 sps
step   156800 eps 0.05 loss  0.0013 R   1.205 loot 0.380 win 0.30    93 sps
step   157120 eps 0.05 loss  0.0005 R   1.205 loot 0.380 win 0.30    93 sps
step   157440 eps 0.05 loss  0.0013 R   1.204 loot 0.380 win 0.30    93 sps
step   157760 eps 0.05 loss  0.0016 R   1.170 loot 0.370 win 0.29    93 sps
step   158080 eps 0.05 loss  0.0029 R   1.174 loot 0.370 win 0.28    93 sps
step   158400 eps 0.05 loss  0.0017 R   1.167 loot 0.368 win 0.28    93 sps
step   158720 eps 0.05 loss  0.0012 R   1.173 loot 0.370 win 0.29    92 sps
step   159040 eps 0.05 loss  0.0013 R   1.178 loot 0.372 win 0.31    92 sps
step   159360 eps 0.05 loss  0.0010 R   1.178 loot 0.372 win 0.31    92 sps
step   159680 eps 0.05 loss  0.0016 R   1.178 loot 0.372 win 0.31    92 sps
step   160000 eps 0.05 loss  0.0014 R   1.163 loot 0.368 win 0.31    92 sps
step   160320 eps 0.05 loss  0.0020 R   1.163 loot 0.368 win 0.31    92 sps
step   160640 eps 0.05 loss  0.0031 R   1.163 loot 0.368 win 0.31    92 sps
step   160960 eps 0.05 loss  0.0025 R   1.163 loot 0.368 win 0.31    92 sps
step   161280 eps 0.05 loss  0.0016 R   1.163 loot 0.368 win 0.31    92 sps
step   161600 eps 0.05 loss  0.0038 R   1.163 loot 0.368 win 0.31    92 sps
step   161920 eps 0.05 loss  0.0044 R   1.163 loot 0.368 win 0.31    91 sps
step   162240 eps 0.05 loss  0.0020 R   1.154 loot 0.366 win 0.30    91 sps
step   162560 eps 0.05 loss  0.0009 R   1.154 loot 0.366 win 0.30    91 sps
step   162880 eps 0.05 loss  0.0004 R   1.154 loot 0.366 win 0.30    91 sps
step   163200 eps 0.05 loss  0.0015 R   1.150 loot 0.365 win 0.30    91 sps
step   163520 eps 0.05 loss  0.0007 R   1.150 loot 0.365 win 0.30    91 sps
step   163840 eps 0.05 loss  0.0011 R   1.132 loot 0.361 win 0.30    91 sps
step   164160 eps 0.05 loss  0.0011 R   1.132 loot 0.361 win 0.30    91 sps
step   164480 eps 0.05 loss  0.0014 R   1.130 loot 0.360 win 0.30    91 sps
step   164800 eps 0.05 loss  0.0017 R   1.142 loot 0.363 win 0.31    90 sps
step   165120 eps 0.05 loss  0.0003 R   1.154 loot 0.366 win 0.32    90 sps
step   165440 eps 0.05 loss  0.0006 R   1.158 loot 0.367 win 0.32    90 sps
step   165760 eps 0.05 loss  0.0017 R   1.142 loot 0.363 win 0.32    90 sps
step   166080 eps 0.05 loss  0.0010 R   1.141 loot 0.364 win 0.32    90 sps
step   166400 eps 0.05 loss  0.0013 R   1.173 loot 0.373 win 0.33    90 sps
step   166720 eps 0.05 loss  0.0017 R   1.173 loot 0.373 win 0.33    90 sps
step   167040 eps 0.05 loss  0.0004 R   1.173 loot 0.373 win 0.33    90 sps
step   167360 eps 0.05 loss  0.0009 R   1.182 loot 0.374 win 0.34    90 sps
step   167680 eps 0.05 loss  0.0014 R   1.182 loot 0.374 win 0.34    90 sps
step   168000 eps 0.05 loss  0.0037 R   1.182 loot 0.374 win 0.34    90 sps
step   168320 eps 0.05 loss  0.0020 R   1.182 loot 0.374 win 0.34    90 sps
step   168640 eps 0.05 loss  0.0028 R   1.182 loot 0.374 win 0.34    90 sps
step   168960 eps 0.05 loss  0.0025 R   1.182 loot 0.374 win 0.34    90 sps
step   169280 eps 0.05 loss  0.0021 R   1.182 loot 0.374 win 0.34    90 sps
step   169600 eps 0.05 loss  0.0026 R   1.168 loot 0.371 win 0.34    90 sps
step   169920 eps 0.05 loss  0.0021 R   1.168 loot 0.371 win 0.34    90 sps
step   170240 eps 0.05 loss  0.0014 R   1.168 loot 0.371 win 0.34    90 sps
step   170560 eps 0.05 loss  0.0021 R   1.169 loot 0.371 win 0.34    90 sps
step   170880 eps 0.05 loss  0.0014 R   1.160 loot 0.368 win 0.34    90 sps
step   171200 eps 0.05 loss  0.0011 R   1.175 loot 0.372 win 0.35    90 sps
step   171520 eps 0.05 loss  0.0010 R   1.175 loot 0.371 win 0.35    90 sps
step   171840 eps 0.05 loss  0.0014 R   1.182 loot 0.374 win 0.36    90 sps
step   172160 eps 0.05 loss  0.0028 R   1.158 loot 0.367 win 0.35    89 sps
step   172480 eps 0.05 loss  0.0020 R   1.169 loot 0.369 win 0.35    89 sps
step   172800 eps 0.05 loss  0.0022 R   1.158 loot 0.367 win 0.35    89 sps
step   173120 eps 0.05 loss  0.0011 R   1.170 loot 0.371 win 0.35    89 sps
step   173440 eps 0.05 loss  0.0016 R   1.161 loot 0.368 win 0.35    89 sps
step   173760 eps 0.05 loss  0.0007 R   1.161 loot 0.368 win 0.35    89 sps
step   174080 eps 0.05 loss  0.0016 R   1.161 loot 0.368 win 0.35    89 sps
step   174400 eps 0.05 loss  0.0024 R   1.173 loot 0.372 win 0.36    89 sps
step   174720 eps 0.05 loss  0.0010 R   1.173 loot 0.372 win 0.36    89 sps
step   175040 eps 0.05 loss  0.0017 R   1.173 loot 0.372 win 0.36    89 sps
step   175360 eps 0.05 loss  0.0009 R   1.173 loot 0.372 win 0.36    89 sps
step   175680 eps 0.05 loss  0.0012 R   1.173 loot 0.372 win 0.36    89 sps
step   176000 eps 0.05 loss  0.0008 R   1.173 loot 0.372 win 0.36    89 sps
step   176320 eps 0.05 loss  0.0023 R   1.173 loot 0.372 win 0.36    89 sps
step   176640 eps 0.05 loss  0.0011 R   1.173 loot 0.372 win 0.36    89 sps
step   176960 eps 0.05 loss  0.0010 R   1.173 loot 0.372 win 0.36    89 sps
step   177280 eps 0.05 loss  0.0012 R   1.173 loot 0.372 win 0.36    89 sps
step   177600 eps 0.05 loss  0.0020 R   1.186 loot 0.375 win 0.37    89 sps
step   177920 eps 0.05 loss  0.0020 R   1.186 loot 0.375 win 0.37    89 sps
step   178240 eps 0.05 loss  0.0003 R   1.183 loot 0.374 win 0.37    89 sps
step   178560 eps 0.05 loss  0.0006 R   1.176 loot 0.373 win 0.37    89 sps
step   178880 eps 0.05 loss  0.0007 R   1.157 loot 0.368 win 0.35    89 sps
step   179200 eps 0.05 loss  0.0008 R   1.172 loot 0.371 win 0.36    89 sps
step   179520 eps 0.05 loss  0.0015 R   1.172 loot 0.371 win 0.36    89 sps
step   179840 eps 0.05 loss  0.0013 R   1.181 loot 0.373 win 0.36    89 sps
step   180160 eps 0.05 loss  0.0014 R   1.163 loot 0.368 win 0.35    88 sps
step   180480 eps 0.05 loss  0.0015 R   1.169 loot 0.370 win 0.35    88 sps
step   180800 eps 0.05 loss  0.0016 R   1.180 loot 0.374 win 0.36    88 sps
step   181120 eps 0.05 loss  0.0036 R   1.180 loot 0.374 win 0.36    88 sps
step   181440 eps 0.05 loss  0.0030 R   1.180 loot 0.374 win 0.36    88 sps
step   181760 eps 0.05 loss  0.0035 R   1.201 loot 0.380 win 0.37    88 sps
step   182080 eps 0.05 loss  0.0031 R   1.201 loot 0.380 win 0.37    88 sps
step   182400 eps 0.05 loss  0.0037 R   1.201 loot 0.380 win 0.37    88 sps
step   182720 eps 0.05 loss  0.0032 R   1.201 loot 0.380 win 0.37    88 sps
step   183040 eps 0.05 loss  0.0027 R   1.201 loot 0.380 win 0.37    88 sps
step   183360 eps 0.05 loss  0.0050 R   1.201 loot 0.380 win 0.37    88 sps
step   183680 eps 0.05 loss  0.0020 R   1.201 loot 0.380 win 0.37    88 sps
step   184000 eps 0.05 loss  0.0018 R   1.199 loot 0.379 win 0.37    88 sps
step   184320 eps 0.05 loss  0.0019 R   1.199 loot 0.379 win 0.37    87 sps
step   184640 eps 0.05 loss  0.0014 R   1.199 loot 0.379 win 0.37    87 sps
step   184960 eps 0.05 loss  0.0024 R   1.214 loot 0.383 win 0.37    87 sps
step   185280 eps 0.05 loss  0.0032 R   1.211 loot 0.382 win 0.37    87 sps
step   185600 eps 0.05 loss  0.0031 R   1.226 loot 0.386 win 0.38    87 sps
step   185920 eps 0.05 loss  0.0018 R   1.205 loot 0.380 win 0.37    87 sps
step   186240 eps 0.05 loss  0.0045 R   1.218 loot 0.384 win 0.38    87 sps
step   186560 eps 0.05 loss  0.0040 R   1.216 loot 0.384 win 0.38    87 sps
step   186880 eps 0.05 loss  0.0013 R   1.248 loot 0.393 win 0.39    87 sps
step   187200 eps 0.05 loss  0.0025 R   1.241 loot 0.391 win 0.39    87 sps
step   187520 eps 0.05 loss  0.0018 R   1.274 loot 0.399 win 0.39    87 sps
step   187840 eps 0.05 loss  0.0010 R   1.291 loot 0.403 win 0.40    87 sps
step   188160 eps 0.05 loss  0.0014 R   1.291 loot 0.403 win 0.40    87 sps
step   188480 eps 0.05 loss  0.0020 R   1.291 loot 0.403 win 0.40    87 sps
step   188800 eps 0.05 loss  0.0028 R   1.305 loot 0.407 win 0.41    87 sps
step   189120 eps 0.05 loss  0.0029 R   1.305 loot 0.407 win 0.41    87 sps
step   189440 eps 0.05 loss  0.0029 R   1.305 loot 0.407 win 0.41    86 sps
step   189760 eps 0.05 loss  0.0027 R   1.305 loot 0.407 win 0.41    86 sps
step   190080 eps 0.05 loss  0.0013 R   1.305 loot 0.407 win 0.41    86 sps
step   190400 eps 0.05 loss  0.0008 R   1.305 loot 0.407 win 0.41    86 sps
step   190720 eps 0.05 loss  0.0015 R   1.305 loot 0.407 win 0.41    86 sps
step   191040 eps 0.05 loss  0.0011 R   1.305 loot 0.407 win 0.41    86 sps
step   191360 eps 0.05 loss  0.0012 R   1.291 loot 0.403 win 0.41    86 sps
step   191680 eps 0.05 loss  0.0006 R   1.291 loot 0.403 win 0.41    86 sps
step   192000 eps 0.05 loss  0.0005 R   1.302 loot 0.406 win 0.41    86 sps
step   192320 eps 0.05 loss  0.0008 R   1.302 loot 0.406 win 0.41    86 sps
step   192640 eps 0.05 loss  0.0011 R   1.283 loot 0.403 win 0.41    86 sps
step   192960 eps 0.05 loss  0.0013 R   1.291 loot 0.404 win 0.42    86 sps
step   193280 eps 0.05 loss  0.0006 R   1.300 loot 0.407 win 0.43    86 sps
step   193600 eps 0.05 loss  0.0009 R   1.290 loot 0.404 win 0.42    86 sps
step   193920 eps 0.05 loss  0.0019 R   1.280 loot 0.401 win 0.42    86 sps
step   194240 eps 0.05 loss  0.0028 R   1.280 loot 0.401 win 0.42    86 sps
step   194560 eps 0.05 loss  0.0029 R   1.270 loot 0.398 win 0.41    86 sps
step   194880 eps 0.05 loss  0.0020 R   1.297 loot 0.406 win 0.43    86 sps
step   195200 eps 0.05 loss  0.0010 R   1.292 loot 0.405 win 0.42    86 sps
step   195520 eps 0.05 loss  0.0024 R   1.292 loot 0.405 win 0.42    86 sps
step   195840 eps 0.05 loss  0.0026 R   1.292 loot 0.405 win 0.42    86 sps
step   196160 eps 0.05 loss  0.0016 R   1.273 loot 0.399 win 0.41    86 sps
step   196480 eps 0.05 loss  0.0011 R   1.272 loot 0.399 win 0.41    86 sps
step   196800 eps 0.05 loss  0.0008 R   1.272 loot 0.399 win 0.41    86 sps
step   197120 eps 0.05 loss  0.0012 R   1.272 loot 0.399 win 0.41    86 sps
step   197440 eps 0.05 loss  0.0018 R   1.272 loot 0.399 win 0.41    86 sps
step   197760 eps 0.05 loss  0.0010 R   1.272 loot 0.399 win 0.41    86 sps
step   198080 eps 0.05 loss  0.0007 R   1.272 loot 0.399 win 0.41    86 sps
step   198400 eps 0.05 loss  0.0020 R   1.275 loot 0.399 win 0.40    86 sps
step   198720 eps 0.05 loss  0.0049 R   1.269 loot 0.398 win 0.39    85 sps
step   199040 eps 0.05 loss  0.0029 R   1.269 loot 0.398 win 0.39    85 sps
step   199360 eps 0.05 loss  0.0018 R   1.256 loot 0.394 win 0.38    85 sps
step   199680 eps 0.05 loss  0.0014 R   1.240 loot 0.390 win 0.37    85 sps
step   200000 eps 0.05 loss  0.0007 R   1.240 loot 0.390 win 0.37    85 sps
step   200320 eps 0.05 loss  0.0016 R   1.240 loot 0.390 win 0.37    85 sps
step   200640 eps 0.05 loss  0.0013 R   1.240 loot 0.390 win 0.37    85 sps
step   200960 eps 0.05 loss  0.0021 R   1.267 loot 0.397 win 0.38    85 sps
step   201280 eps 0.05 loss  0.0017 R   1.286 loot 0.402 win 0.38    85 sps
step   201600 eps 0.05 loss  0.0015 R   1.297 loot 0.406 win 0.38    85 sps
step   201920 eps 0.05 loss  0.0020 R   1.319 loot 0.412 win 0.39    85 sps
step   202240 eps 0.05 loss  0.0006 R   1.325 loot 0.414 win 0.39    85 sps
step   202560 eps 0.05 loss  0.0026 R   1.325 loot 0.414 win 0.39    85 sps
step   202880 eps 0.05 loss  0.0032 R   1.325 loot 0.414 win 0.39    85 sps
step   203200 eps 0.05 loss  0.0022 R   1.325 loot 0.414 win 0.39    85 sps
step   203520 eps 0.05 loss  0.0025 R   1.350 loot 0.421 win 0.41    85 sps
step   203840 eps 0.05 loss  0.0044 R   1.350 loot 0.421 win 0.41    85 sps
step   204160 eps 0.05 loss  0.0042 R   1.350 loot 0.421 win 0.41    85 sps
step   204480 eps 0.05 loss  0.0028 R   1.350 loot 0.421 win 0.41    85 sps
step   204800 eps 0.05 loss  0.0022 R   1.350 loot 0.421 win 0.41    85 sps
step   205120 eps 0.05 loss  0.0024 R   1.350 loot 0.421 win 0.41    85 sps
step   205440 eps 0.05 loss  0.0011 R   1.350 loot 0.421 win 0.41    85 sps
step   205760 eps 0.05 loss  0.0011 R   1.337 loot 0.416 win 0.40    85 sps
step   206080 eps 0.05 loss  0.0010 R   1.337 loot 0.416 win 0.40    85 sps
step   206400 eps 0.05 loss  0.0013 R   1.329 loot 0.414 win 0.39    85 sps
step   206720 eps 0.05 loss  0.0017 R   1.329 loot 0.414 win 0.39    85 sps
step   207040 eps 0.05 loss  0.0003 R   1.371 loot 0.425 win 0.39    85 sps
step   207360 eps 0.05 loss  0.0008 R   1.371 loot 0.425 win 0.39    85 sps
step   207680 eps 0.05 loss  0.0017 R   1.388 loot 0.430 win 0.39    85 sps
step   208000 eps 0.05 loss  0.0008 R   1.382 loot 0.429 win 0.40    85 sps
step   208320 eps 0.05 loss  0.0017 R   1.386 loot 0.431 win 0.40    85 sps
step   208640 eps 0.05 loss  0.0009 R   1.386 loot 0.431 win 0.40    85 sps
step   208960 eps 0.05 loss  0.0018 R   1.368 loot 0.426 win 0.39    85 sps
step   209280 eps 0.05 loss  0.0010 R   1.398 loot 0.434 win 0.40    85 sps
step   209600 eps 0.05 loss  0.0017 R   1.398 loot 0.434 win 0.40    85 sps
step   209920 eps 0.05 loss  0.0025 R   1.398 loot 0.434 win 0.40    84 sps
step   210240 eps 0.05 loss  0.0014 R   1.398 loot 0.434 win 0.40    84 sps
step   210560 eps 0.05 loss  0.0027 R   1.385 loot 0.430 win 0.40    84 sps
step   210880 eps 0.05 loss  0.0020 R   1.404 loot 0.435 win 0.41    84 sps
step   211200 eps 0.05 loss  0.0008 R   1.404 loot 0.435 win 0.41    84 sps
step   211520 eps 0.05 loss  0.0017 R   1.404 loot 0.435 win 0.41    84 sps
step   211840 eps 0.05 loss  0.0014 R   1.404 loot 0.435 win 0.41    84 sps
step   212160 eps 0.05 loss  0.0041 R   1.404 loot 0.435 win 0.41    84 sps
step   212480 eps 0.05 loss  0.0030 R   1.404 loot 0.435 win 0.41    84 sps
step   212800 eps 0.05 loss  0.0014 R   1.373 loot 0.426 win 0.40    84 sps
step   213120 eps 0.05 loss  0.0014 R   1.373 loot 0.426 win 0.40    84 sps
step   213440 eps 0.05 loss  0.0017 R   1.373 loot 0.426 win 0.40    84 sps
step   213760 eps 0.05 loss  0.0011 R   1.377 loot 0.429 win 0.40    84 sps
step   214080 eps 0.05 loss  0.0012 R   1.408 loot 0.438 win 0.41    84 sps
step   214400 eps 0.05 loss  0.0029 R   1.398 loot 0.435 win 0.40    84 sps
step   214720 eps 0.05 loss  0.0026 R   1.398 loot 0.435 win 0.40    84 sps
step   215040 eps 0.05 loss  0.0023 R   1.386 loot 0.431 win 0.40    84 sps
step   215360 eps 0.05 loss  0.0012 R   1.411 loot 0.438 win 0.40    84 sps
step   215680 eps 0.05 loss  0.0013 R   1.441 loot 0.447 win 0.41    84 sps
step   216000 eps 0.05 loss  0.0011 R   1.442 loot 0.447 win 0.41    84 sps
step   216320 eps 0.05 loss  0.0016 R   1.451 loot 0.449 win 0.42    84 sps
step   216640 eps 0.05 loss  0.0033 R   1.451 loot 0.449 win 0.42    84 sps
step   216960 eps 0.05 loss  0.0024 R   1.451 loot 0.449 win 0.42    84 sps
step   217280 eps 0.05 loss  0.0024 R   1.451 loot 0.449 win 0.42    84 sps
step   217600 eps 0.05 loss  0.0015 R   1.451 loot 0.449 win 0.42    84 sps
step   217920 eps 0.05 loss  0.0017 R   1.477 loot 0.456 win 0.44    84 sps
step   218240 eps 0.05 loss  0.0015 R   1.475 loot 0.455 win 0.44    84 sps
step   218560 eps 0.05 loss  0.0015 R   1.475 loot 0.455 win 0.44    84 sps
step   218880 eps 0.05 loss  0.0010 R   1.475 loot 0.455 win 0.44    84 sps
step   219200 eps 0.05 loss  0.0019 R   1.480 loot 0.457 win 0.44    84 sps
step   219520 eps 0.05 loss  0.0046 R   1.480 loot 0.457 win 0.44    84 sps
step   219840 eps 0.05 loss  0.0039 R   1.480 loot 0.457 win 0.44    84 sps
step   220160 eps 0.05 loss  0.0024 R   1.499 loot 0.461 win 0.45    84 sps
step   220480 eps 0.05 loss  0.0012 R   1.499 loot 0.461 win 0.45    84 sps
step   220800 eps 0.05 loss  0.0013 R   1.469 loot 0.453 win 0.44    84 sps
step   221120 eps 0.05 loss  0.0037 R   1.469 loot 0.453 win 0.44    84 sps
step   221440 eps 0.05 loss  0.0025 R   1.484 loot 0.458 win 0.46    84 sps
step   221760 eps 0.05 loss  0.0023 R   1.484 loot 0.458 win 0.46    84 sps
step   222080 eps 0.05 loss  0.0021 R   1.485 loot 0.458 win 0.46    84 sps
step   222400 eps 0.05 loss  0.0008 R   1.485 loot 0.458 win 0.46    84 sps
step   222720 eps 0.05 loss  0.0030 R   1.500 loot 0.463 win 0.48    84 sps
step   223040 eps 0.05 loss  0.0051 R   1.500 loot 0.463 win 0.48    84 sps
step   223360 eps 0.05 loss  0.0054 R   1.479 loot 0.458 win 0.48    84 sps
step   223680 eps 0.05 loss  0.0022 R   1.510 loot 0.466 win 0.49    84 sps
step   224000 eps 0.05 loss  0.0015 R   1.494 loot 0.462 win 0.48    84 sps
step   224320 eps 0.05 loss  0.0031 R   1.494 loot 0.462 win 0.48    84 sps
step   224640 eps 0.05 loss  0.0011 R   1.494 loot 0.462 win 0.48    84 sps
step   224960 eps 0.05 loss  0.0012 R   1.488 loot 0.461 win 0.48    84 sps
step   225280 eps 0.05 loss  0.0022 R   1.488 loot 0.461 win 0.48    84 sps
step   225600 eps 0.05 loss  0.0025 R   1.480 loot 0.457 win 0.47    84 sps
step   225920 eps 0.05 loss  0.0025 R   1.480 loot 0.457 win 0.47    84 sps
step   226240 eps 0.05 loss  0.0027 R   1.480 loot 0.457 win 0.47    84 sps
step   226560 eps 0.05 loss  0.0014 R   1.468 loot 0.454 win 0.47    84 sps
step   226880 eps 0.05 loss  0.0016 R   1.468 loot 0.454 win 0.47    84 sps
step   227200 eps 0.05 loss  0.0013 R   1.468 loot 0.454 win 0.47    84 sps
step   227520 eps 0.05 loss  0.0033 R   1.468 loot 0.454 win 0.47    85 sps
step   227840 eps 0.05 loss  0.0020 R   1.468 loot 0.454 win 0.47    85 sps
step   228160 eps 0.05 loss  0.0038 R   1.470 loot 0.455 win 0.48    85 sps
step   228480 eps 0.05 loss  0.0019 R   1.470 loot 0.455 win 0.48    84 sps
step   228800 eps 0.05 loss  0.0023 R   1.433 loot 0.444 win 0.47    84 sps
step   229120 eps 0.05 loss  0.0018 R   1.433 loot 0.444 win 0.47    84 sps
step   229440 eps 0.05 loss  0.0009 R   1.448 loot 0.448 win 0.48    84 sps
step   229760 eps 0.05 loss  0.0012 R   1.448 loot 0.448 win 0.48    84 sps
step   230080 eps 0.05 loss  0.0013 R   1.418 loot 0.439 win 0.47    84 sps
step   230400 eps 0.05 loss  0.0031 R   1.418 loot 0.439 win 0.47    84 sps
step   230720 eps 0.05 loss  0.0023 R   1.420 loot 0.441 win 0.48    84 sps
step   231040 eps 0.05 loss  0.0008 R   1.410 loot 0.438 win 0.47    84 sps
step   231360 eps 0.05 loss  0.0013 R   1.417 loot 0.441 win 0.48    84 sps
step   231680 eps 0.05 loss  0.0013 R   1.417 loot 0.441 win 0.48    84 sps
step   232000 eps 0.05 loss  0.0018 R   1.417 loot 0.441 win 0.48    84 sps
step   232320 eps 0.05 loss  0.0017 R   1.388 loot 0.433 win 0.47    84 sps
step   232640 eps 0.05 loss  0.0014 R   1.396 loot 0.435 win 0.48    84 sps
step   232960 eps 0.05 loss  0.0031 R   1.396 loot 0.435 win 0.48    84 sps
step   233280 eps 0.05 loss  0.0027 R   1.396 loot 0.435 win 0.48    84 sps
step   233600 eps 0.05 loss  0.0012 R   1.394 loot 0.434 win 0.48    84 sps
step   233920 eps 0.05 loss  0.0020 R   1.394 loot 0.434 win 0.48    84 sps
step   234240 eps 0.05 loss  0.0017 R   1.394 loot 0.434 win 0.48    84 sps
step   234560 eps 0.05 loss  0.0011 R   1.394 loot 0.434 win 0.48    84 sps
step   234880 eps 0.05 loss  0.0011 R   1.391 loot 0.434 win 0.48    84 sps
step   235200 eps 0.05 loss  0.0016 R   1.400 loot 0.436 win 0.48    84 sps
step   235520 eps 0.05 loss  0.0018 R   1.375 loot 0.429 win 0.47    84 sps
step   235840 eps 0.05 loss  0.0015 R   1.399 loot 0.436 win 0.46    84 sps
step   236160 eps 0.05 loss  0.0017 R   1.399 loot 0.436 win 0.46    84 sps
step   236480 eps 0.05 loss  0.0024 R   1.399 loot 0.436 win 0.46    84 sps
step   236800 eps 0.05 loss  0.0016 R   1.422 loot 0.442 win 0.46    84 sps
step   237120 eps 0.05 loss  0.0015 R   1.426 loot 0.443 win 0.46    84 sps
step   237440 eps 0.05 loss  0.0018 R   1.426 loot 0.443 win 0.46    83 sps
step   237760 eps 0.05 loss  0.0031 R   1.445 loot 0.449 win 0.46    83 sps
step   238080 eps 0.05 loss  0.0020 R   1.453 loot 0.451 win 0.46    83 sps
step   238400 eps 0.05 loss  0.0016 R   1.424 loot 0.443 win 0.45    83 sps
step   238720 eps 0.05 loss  0.0012 R   1.432 loot 0.446 win 0.45    83 sps
step   239040 eps 0.05 loss  0.0034 R   1.432 loot 0.446 win 0.45    83 sps
step   239360 eps 0.05 loss  0.0032 R   1.432 loot 0.446 win 0.45    83 sps
step   239680 eps 0.05 loss  0.0011 R   1.432 loot 0.446 win 0.45    83 sps
step   240000 eps 0.05 loss  0.0010 R   1.456 loot 0.452 win 0.45    83 sps
step   240320 eps 0.05 loss  0.0013 R   1.456 loot 0.452 win 0.45    83 sps
step   240640 eps 0.05 loss  0.0010 R   1.456 loot 0.452 win 0.45    83 sps
step   240960 eps 0.05 loss  0.0015 R   1.457 loot 0.452 win 0.45    83 sps
step   241280 eps 0.05 loss  0.0020 R   1.457 loot 0.452 win 0.45    83 sps
step   241600 eps 0.05 loss  0.0013 R   1.457 loot 0.452 win 0.45    83 sps
step   241920 eps 0.05 loss  0.0013 R   1.460 loot 0.453 win 0.45    83 sps
step   242240 eps 0.05 loss  0.0014 R   1.460 loot 0.453 win 0.45    83 sps
step   242560 eps 0.05 loss  0.0016 R   1.469 loot 0.455 win 0.46    83 sps
step   242880 eps 0.05 loss  0.0036 R   1.469 loot 0.455 win 0.46    83 sps
step   243200 eps 0.05 loss  0.0039 R   1.458 loot 0.451 win 0.46    83 sps
step   243520 eps 0.05 loss  0.0047 R   1.458 loot 0.451 win 0.46    83 sps
step   243840 eps 0.05 loss  0.0039 R   1.465 loot 0.453 win 0.46    83 sps
step   244160 eps 0.05 loss  0.0017 R   1.465 loot 0.453 win 0.46    83 sps
step   244480 eps 0.05 loss  0.0015 R   1.446 loot 0.448 win 0.47    83 sps
step   244800 eps 0.05 loss  0.0014 R   1.446 loot 0.448 win 0.47    83 sps
step   245120 eps 0.05 loss  0.0011 R   1.464 loot 0.453 win 0.48    83 sps
step   245440 eps 0.05 loss  0.0017 R   1.466 loot 0.454 win 0.48    83 sps
step   245760 eps 0.05 loss  0.0015 R   1.450 loot 0.450 win 0.47    82 sps
step   246080 eps 0.05 loss  0.0016 R   1.455 loot 0.452 win 0.47    82 sps
step   246400 eps 0.05 loss  0.0009 R   1.455 loot 0.452 win 0.47    82 sps
step   246720 eps 0.05 loss  0.0011 R   1.455 loot 0.452 win 0.47    82 sps
step   247040 eps 0.05 loss  0.0009 R   1.479 loot 0.458 win 0.47    82 sps
step   247360 eps 0.05 loss  0.0012 R   1.479 loot 0.458 win 0.47    82 sps
step   247680 eps 0.05 loss  0.0010 R   1.479 loot 0.458 win 0.47    82 sps
step   248000 eps 0.05 loss  0.0020 R   1.475 loot 0.457 win 0.47    82 sps
step   248320 eps 0.05 loss  0.0006 R   1.475 loot 0.457 win 0.47    82 sps
step   248640 eps 0.05 loss  0.0014 R   1.475 loot 0.457 win 0.47    82 sps
step   248960 eps 0.05 loss  0.0014 R   1.475 loot 0.457 win 0.47    82 sps
step   249280 eps 0.05 loss  0.0012 R   1.469 loot 0.456 win 0.47    82 sps
step   249600 eps 0.05 loss  0.0012 R   1.469 loot 0.456 win 0.47    82 sps
step   249920 eps 0.05 loss  0.0018 R   1.466 loot 0.455 win 0.47    82 sps
step   250240 eps 0.05 loss  0.0022 R   1.420 loot 0.442 win 0.45    82 sps
step   250560 eps 0.05 loss  0.0012 R   1.412 loot 0.441 win 0.45    82 sps
step   250880 eps 0.05 loss  0.0016 R   1.412 loot 0.441 win 0.45    82 sps
step   251200 eps 0.05 loss  0.0017 R   1.397 loot 0.436 win 0.44    82 sps
step   251520 eps 0.05 loss  0.0033 R   1.397 loot 0.436 win 0.44    82 sps
step   251840 eps 0.05 loss  0.0025 R   1.405 loot 0.438 win 0.43    82 sps
step   252160 eps 0.05 loss  0.0009 R   1.405 loot 0.438 win 0.43    82 sps
step   252480 eps 0.05 loss  0.0021 R   1.389 loot 0.433 win 0.42    82 sps
step   252800 eps 0.05 loss  0.0012 R   1.391 loot 0.433 win 0.43    81 sps
step   253120 eps 0.05 loss  0.0011 R   1.376 loot 0.429 win 0.42    81 sps
step   253440 eps 0.05 loss  0.0015 R   1.377 loot 0.429 win 0.42    81 sps
step   253760 eps 0.05 loss  0.0014 R   1.377 loot 0.429 win 0.42    81 sps
step   254080 eps 0.05 loss  0.0008 R   1.377 loot 0.429 win 0.42    81 sps
step   254400 eps 0.05 loss  0.0016 R   1.382 loot 0.430 win 0.41    81 sps
step   254720 eps 0.05 loss  0.0026 R   1.386 loot 0.431 win 0.41    81 sps
step   255040 eps 0.05 loss  0.0019 R   1.386 loot 0.431 win 0.41    81 sps
step   255360 eps 0.05 loss  0.0017 R   1.386 loot 0.431 win 0.41    81 sps
step   255680 eps 0.05 loss  0.0017 R   1.386 loot 0.431 win 0.41    81 sps
step   256000 eps 0.05 loss  0.0016 R   1.386 loot 0.431 win 0.41    81 sps
step   256320 eps 0.05 loss  0.0020 R   1.378 loot 0.429 win 0.40    81 sps
step   256640 eps 0.05 loss  0.0015 R   1.381 loot 0.430 win 0.40    81 sps
step   256960 eps 0.05 loss  0.0012 R   1.357 loot 0.424 win 0.39    81 sps
step   257280 eps 0.05 loss  0.0012 R   1.357 loot 0.424 win 0.39    81 sps
step   257600 eps 0.05 loss  0.0006 R   1.357 loot 0.425 win 0.39    81 sps
step   257920 eps 0.05 loss  0.0012 R   1.357 loot 0.425 win 0.39    81 sps
step   258240 eps 0.05 loss  0.0029 R   1.357 loot 0.425 win 0.39    81 sps
step   258560 eps 0.05 loss  0.0016 R   1.357 loot 0.425 win 0.39    81 sps
step   258880 eps 0.05 loss  0.0011 R   1.357 loot 0.425 win 0.39    81 sps
step   259200 eps 0.05 loss  0.0027 R   1.357 loot 0.425 win 0.39    81 sps
step   259520 eps 0.05 loss  0.0013 R   1.335 loot 0.419 win 0.39    81 sps
step   259840 eps 0.05 loss  0.0009 R   1.324 loot 0.415 win 0.38    81 sps
step   260160 eps 0.05 loss  0.0012 R   1.330 loot 0.417 win 0.38    81 sps
step   260480 eps 0.05 loss  0.0022 R   1.309 loot 0.412 win 0.37    81 sps
step   260800 eps 0.05 loss  0.0018 R   1.295 loot 0.408 win 0.36    81 sps
step   261120 eps 0.05 loss  0.0015 R   1.295 loot 0.408 win 0.36    81 sps
step   261440 eps 0.05 loss  0.0018 R   1.278 loot 0.403 win 0.35    81 sps
step   261760 eps 0.05 loss  0.0021 R   1.304 loot 0.410 win 0.36    81 sps
step   262080 eps 0.05 loss  0.0014 R   1.269 loot 0.401 win 0.34    80 sps
step   262400 eps 0.05 loss  0.0010 R   1.269 loot 0.401 win 0.34    80 sps
step   262720 eps 0.05 loss  0.0014 R   1.269 loot 0.401 win 0.34    80 sps
step   263040 eps 0.05 loss  0.0013 R   1.269 loot 0.401 win 0.34    80 sps
step   263360 eps 0.05 loss  0.0011 R   1.277 loot 0.403 win 0.34    80 sps
step   263680 eps 0.05 loss  0.0016 R   1.266 loot 0.400 win 0.34    80 sps
step   264000 eps 0.05 loss  0.0011 R   1.266 loot 0.400 win 0.34    80 sps
step   264320 eps 0.05 loss  0.0018 R   1.267 loot 0.400 win 0.34    80 sps
step   264640 eps 0.05 loss  0.0017 R   1.248 loot 0.393 win 0.33    80 sps
step   264960 eps 0.05 loss  0.0013 R   1.237 loot 0.391 win 0.32    80 sps
step   265280 eps 0.05 loss  0.0006 R   1.237 loot 0.391 win 0.32    80 sps
step   265600 eps 0.05 loss  0.0009 R   1.237 loot 0.391 win 0.32    80 sps
step   265920 eps 0.05 loss  0.0013 R   1.237 loot 0.391 win 0.32    80 sps
step   266240 eps 0.05 loss  0.0010 R   1.237 loot 0.391 win 0.32    80 sps
step   266560 eps 0.05 loss  0.0019 R   1.237 loot 0.391 win 0.32    80 sps
step   266880 eps 0.05 loss  0.0014 R   1.228 loot 0.388 win 0.32    80 sps
step   267200 eps 0.05 loss  0.0018 R   1.219 loot 0.386 win 0.31    80 sps
step   267520 eps 0.05 loss  0.0015 R   1.222 loot 0.386 win 0.30    80 sps
step   267840 eps 0.05 loss  0.0007 R   1.192 loot 0.378 win 0.29    80 sps
step   268160 eps 0.05 loss  0.0012 R   1.192 loot 0.378 win 0.29    80 sps
step   268480 eps 0.05 loss  0.0021 R   1.203 loot 0.381 win 0.29    80 sps
step   268800 eps 0.05 loss  0.0018 R   1.204 loot 0.382 win 0.29    80 sps
step   269120 eps 0.05 loss  0.0009 R   1.205 loot 0.382 win 0.29    80 sps
step   269440 eps 0.05 loss  0.0007 R   1.205 loot 0.382 win 0.29    80 sps
step   269760 eps 0.05 loss  0.0010 R   1.205 loot 0.382 win 0.29    80 sps
step   270080 eps 0.05 loss  0.0017 R   1.223 loot 0.387 win 0.29    80 sps
step   270400 eps 0.05 loss  0.0021 R   1.223 loot 0.387 win 0.29    80 sps
step   270720 eps 0.05 loss  0.0009 R   1.248 loot 0.394 win 0.29    80 sps
step   271040 eps 0.05 loss  0.0014 R   1.254 loot 0.395 win 0.29    80 sps
step   271360 eps 0.05 loss  0.0006 R   1.242 loot 0.392 win 0.30    80 sps
step   271680 eps 0.05 loss  0.0019 R   1.242 loot 0.392 win 0.30    80 sps
step   272000 eps 0.05 loss  0.0008 R   1.225 loot 0.388 win 0.30    80 sps
step   272320 eps 0.05 loss  0.0006 R   1.234 loot 0.390 win 0.30    80 sps
step   272640 eps 0.05 loss  0.0013 R   1.234 loot 0.390 win 0.30    80 sps
step   272960 eps 0.05 loss  0.0019 R   1.234 loot 0.390 win 0.30    80 sps
step   273280 eps 0.05 loss  0.0020 R   1.234 loot 0.390 win 0.30    80 sps
step   273600 eps 0.05 loss  0.0013 R   1.234 loot 0.390 win 0.30    80 sps
step   273920 eps 0.05 loss  0.0023 R   1.234 loot 0.390 win 0.30    80 sps
step   274240 eps 0.05 loss  0.0031 R   1.234 loot 0.390 win 0.30    80 sps
step   274560 eps 0.05 loss  0.0052 R   1.229 loot 0.389 win 0.31    80 sps
step   274880 eps 0.05 loss  0.0029 R   1.250 loot 0.395 win 0.32    80 sps
step   275200 eps 0.05 loss  0.0034 R   1.243 loot 0.393 win 0.31    80 sps
step   275520 eps 0.05 loss  0.0045 R   1.243 loot 0.393 win 0.31    80 sps
step   275840 eps 0.05 loss  0.0036 R   1.244 loot 0.393 win 0.31    80 sps
step   276160 eps 0.05 loss  0.0052 R   1.253 loot 0.396 win 0.31    80 sps
step   276480 eps 0.05 loss  0.0046 R   1.245 loot 0.393 win 0.30    80 sps
step   276800 eps 0.05 loss  0.0017 R   1.245 loot 0.393 win 0.30    80 sps
step   277120 eps 0.05 loss  0.0017 R   1.235 loot 0.390 win 0.31    80 sps
step   277440 eps 0.05 loss  0.0034 R   1.235 loot 0.390 win 0.31    80 sps
step   277760 eps 0.05 loss  0.0016 R   1.235 loot 0.390 win 0.31    80 sps
step   278080 eps 0.05 loss  0.0014 R   1.255 loot 0.396 win 0.31    80 sps
step   278400 eps 0.05 loss  0.0017 R   1.242 loot 0.392 win 0.31    80 sps
step   278720 eps 0.05 loss  0.0014 R   1.209 loot 0.383 win 0.30    80 sps
step   279040 eps 0.05 loss  0.0024 R   1.186 loot 0.377 win 0.30    80 sps
step   279360 eps 0.05 loss  0.0019 R   1.192 loot 0.378 win 0.31    80 sps
step   279680 eps 0.05 loss  0.0022 R   1.192 loot 0.378 win 0.31    80 sps
step   280000 eps 0.05 loss  0.0019 R   1.192 loot 0.378 win 0.31    80 sps
step   280320 eps 0.05 loss  0.0017 R   1.192 loot 0.378 win 0.31    80 sps
step   280640 eps 0.05 loss  0.0017 R   1.192 loot 0.378 win 0.31    80 sps
step   280960 eps 0.05 loss  0.0016 R   1.192 loot 0.378 win 0.31    80 sps
step   281280 eps 0.05 loss  0.0012 R   1.182 loot 0.376 win 0.31    80 sps
step   281600 eps 0.05 loss  0.0014 R   1.182 loot 0.376 win 0.31    80 sps
step   281920 eps 0.05 loss  0.0024 R   1.177 loot 0.374 win 0.30    80 sps
step   282240 eps 0.05 loss  0.0011 R   1.184 loot 0.376 win 0.31    80 sps
step   282560 eps 0.05 loss  0.0017 R   1.184 loot 0.376 win 0.31    80 sps
step   282880 eps 0.05 loss  0.0009 R   1.191 loot 0.378 win 0.32    80 sps
step   283200 eps 0.05 loss  0.0018 R   1.181 loot 0.375 win 0.32    80 sps
step   283520 eps 0.05 loss  0.0017 R   1.175 loot 0.374 win 0.32    80 sps
step   283840 eps 0.05 loss  0.0024 R   1.156 loot 0.369 win 0.32    80 sps
step   284160 eps 0.05 loss  0.0048 R   1.156 loot 0.369 win 0.32    80 sps
step   284480 eps 0.05 loss  0.0040 R   1.126 loot 0.361 win 0.30    80 sps
step   284800 eps 0.05 loss  0.0015 R   1.126 loot 0.361 win 0.30    80 sps
step   285120 eps 0.05 loss  0.0016 R   1.142 loot 0.365 win 0.31    80 sps
step   285440 eps 0.05 loss  0.0007 R   1.148 loot 0.368 win 0.32    80 sps
step   285760 eps 0.05 loss  0.0013 R   1.148 loot 0.368 win 0.31    80 sps
step   286080 eps 0.05 loss  0.0015 R   1.138 loot 0.365 win 0.31    80 sps
step   286400 eps 0.05 loss  0.0010 R   1.149 loot 0.367 win 0.31    80 sps
step   286720 eps 0.05 loss  0.0012 R   1.150 loot 0.367 win 0.31    80 sps
step   287040 eps 0.05 loss  0.0011 R   1.143 loot 0.365 win 0.31    80 sps
step   287360 eps 0.05 loss  0.0013 R   1.143 loot 0.365 win 0.31    80 sps
step   287680 eps 0.05 loss  0.0015 R   1.143 loot 0.365 win 0.31    80 sps
step   288000 eps 0.05 loss  0.0014 R   1.143 loot 0.365 win 0.31    80 sps
step   288320 eps 0.05 loss  0.0016 R   1.143 loot 0.365 win 0.31    80 sps
step   288640 eps 0.05 loss  0.0015 R   1.130 loot 0.361 win 0.31    80 sps
step   288960 eps 0.05 loss  0.0004 R   1.130 loot 0.361 win 0.31    80 sps
step   289280 eps 0.05 loss  0.0012 R   1.130 loot 0.361 win 0.31    80 sps
step   289600 eps 0.05 loss  0.0016 R   1.127 loot 0.359 win 0.31    80 sps
step   289920 eps 0.05 loss  0.0007 R   1.127 loot 0.359 win 0.31    80 sps
step   290240 eps 0.05 loss  0.0024 R   1.100 loot 0.351 win 0.31    80 sps
step   290560 eps 0.05 loss  0.0016 R   1.078 loot 0.345 win 0.30    80 sps
step   290880 eps 0.05 loss  0.0019 R   1.090 loot 0.348 win 0.30    80 sps
step   291200 eps 0.05 loss  0.0024 R   1.090 loot 0.348 win 0.30    80 sps
step   291520 eps 0.05 loss  0.0003 R   1.094 loot 0.350 win 0.30    80 sps
step   291840 eps 0.05 loss  0.0005 R   1.090 loot 0.348 win 0.30    80 sps
step   292160 eps 0.05 loss  0.0009 R   1.090 loot 0.348 win 0.30    80 sps
step   292480 eps 0.05 loss  0.0010 R   1.111 loot 0.354 win 0.30    80 sps
step   292800 eps 0.05 loss  0.0014 R   1.097 loot 0.350 win 0.30    80 sps
step   293120 eps 0.05 loss  0.0018 R   1.101 loot 0.350 win 0.30    80 sps
step   293440 eps 0.05 loss  0.0011 R   1.103 loot 0.350 win 0.30    80 sps
step   293760 eps 0.05 loss  0.0010 R   1.117 loot 0.353 win 0.30    80 sps
step   294080 eps 0.05 loss  0.0013 R   1.117 loot 0.353 win 0.30    80 sps
step   294400 eps 0.05 loss  0.0020 R   1.112 loot 0.352 win 0.29    80 sps
step   294720 eps 0.05 loss  0.0013 R   1.112 loot 0.352 win 0.29    80 sps
step   295040 eps 0.05 loss  0.0010 R   1.112 loot 0.352 win 0.29    80 sps
step   295360 eps 0.05 loss  0.0013 R   1.112 loot 0.352 win 0.29    80 sps
step   295680 eps 0.05 loss  0.0008 R   1.107 loot 0.352 win 0.29    80 sps
step   296000 eps 0.05 loss  0.0018 R   1.128 loot 0.358 win 0.30    80 sps
step   296320 eps 0.05 loss  0.0016 R   1.128 loot 0.358 win 0.30    80 sps
step   296640 eps 0.05 loss  0.0017 R   1.139 loot 0.361 win 0.31    80 sps
step   296960 eps 0.05 loss  0.0008 R   1.139 loot 0.361 win 0.31    80 sps
step   297280 eps 0.05 loss  0.0007 R   1.129 loot 0.358 win 0.31    80 sps
step   297600 eps 0.05 loss  0.0012 R   1.129 loot 0.358 win 0.31    80 sps
step   297920 eps 0.05 loss  0.0007 R   1.136 loot 0.360 win 0.33    80 sps
step   298240 eps 0.05 loss  0.0017 R   1.134 loot 0.359 win 0.32    80 sps
step   298560 eps 0.05 loss  0.0013 R   1.134 loot 0.359 win 0.32    80 sps
step   298880 eps 0.05 loss  0.0037 R   1.149 loot 0.364 win 0.32    80 sps
step   299200 eps 0.05 loss  0.0018 R   1.152 loot 0.364 win 0.32    80 sps
step   299520 eps 0.05 loss  0.0010 R   1.156 loot 0.366 win 0.33    80 sps
step   299840 eps 0.05 loss  0.0016 R   1.156 loot 0.366 win 0.33    80 sps
