{
  "total_steps": "300000",
  "num_envs": "64",
  "rollout_steps": "32",
  "epochs": "2",
  "minibatches": "2",
  "lr": "0.0003",
  "anneal_lr": "True",
  "gamma": "0.995",
  "gae_lambda": "0.95",
  "clip_coef": "0.2",
  "clip_vloss": "True",
  "ent_coef": "0.01",
  "vf_coef": "0.5",
  "max_grad_norm": "0.5",
  "target_kl": "0.03",
  "norm_adv": "True",
  "device": "cpu",
  "torch_threads": "10",
  "seed": "0",
  "d_model": "96",
  "n_heads": "4",
  "n_layers": "1",
  "memory": "gru",
  "level": "L1",
  "curriculum": "True",
  "promote_win_rate": "0.7",
  "promote_window": "100",
  "run_dir": "experiments/ppo_v1",
  "log_every": "5",
  "save_every": "20"
}
u   5 step    10240 L1 R     nan win   nan ent  8.548 kl 0.0000 v 0.0174    120 sps
